== qual-pref-2006 2026-09-20 13:29:46  load: 7.30 12.20 17.26  busiest: 213.7 /System/Library/PrivateFrameworks/MediaAnalysis.framework/Versions/A/mediaanalysisd; 48.2 /System/Library/PrivateFrameworks/SkyLight.framework/Resources/WindowServer;
corpus: /Users/harold/ferroplan/benchmarks/.ipc-corpus
VAL: /Users/harold/ferroplan/benchmarks/.val/VAL/build/bin/Validate
timeout 60s, jobs 2, mode auto
using external binary: /Users/harold/ferroplan-0.28/target/release/ff
ipc-2006/openstacks-preferences-qualitative: 20/20 solved, cost 7523, 972.9s solve-time, val 20/20
ipc-2006/rovers-preferences-qualitative: 20/20 solved, cost 61752, 981.2s solve-time, val 20/20
ipc-2006/storage-preferences-qualitative: 20/20 solved, cost 29094, 903.4s solve-time, val 13/13
ipc-2006/tpp-preferences-qualitative: 20/20 solved, cost 11834, 939.1s solve-time, val 20/20
ipc-2006/trucks-preferences-qualitative: 19/20 solved, cost 874, 924.8s solve-time, val 19/19

wrote benchmarks/probes-0.28/lanes-sit/qual-pref-2006.md (raw: benchmarks/probes-0.28/lanes-sit/qual-pref-2006.jsonl) — total coverage 99/100
== simple-pref-2006 2026-09-20 14:10:49  load: 1.97 3.06 4.83  busiest:   8.4 /sbin/launchd;  1.8 /System/Library/PrivateFrameworks/SkyLight.framework/Resources/WindowServer;
corpus: /Users/harold/ferroplan/benchmarks/.ipc-corpus
VAL: /Users/harold/ferroplan/benchmarks/.val/VAL/build/bin/Validate
timeout 60s, jobs 2, mode auto
using external binary: /Users/harold/ferroplan-0.28/target/release/ff
ipc-2006/openstacks-preferences-simple: 20/20 solved, cost 3679, 596.1s solve-time, val 20/20
ipc-2006/pathways-preferences-simple: 30/30 solved, cost 580, 1268.8s solve-time, val 30/30
ipc-2006/rovers-metric-preferences-simple: 20/20 solved, cost 13882, 189.7s solve-time, val 20/20
ipc-2006/storage-preferences-simple: 20/20 solved, cost 30758, 903.5s solve-time, val 20/20
ipc-2006/tpp-preferences-simple: 20/20 solved, cost 16277, 553.1s solve-time, val 20/20
ipc-2006/trucks-preferences-simple: 20/20 solved, cost 595, 841.3s solve-time, val 20/20

wrote benchmarks/probes-0.28/lanes-sit/simple-pref-2006.md (raw: benchmarks/probes-0.28/lanes-sit/simple-pref-2006.jsonl) — total coverage 130/130
== complex-pref-2006 2026-09-20 14:47:44  load: 7.11 7.31 6.27  busiest: 285.0 /System/Library/PrivateFrameworks/MediaAnalysis.framework/Versions/A/mediaanalysisd; 47.8 /System/Library/PrivateFrameworks/SkyLight.framework/Resources/WindowServer;
corpus: /Users/harold/ferroplan/benchmarks/.ipc-corpus
VAL: /Users/harold/ferroplan/benchmarks/.val/VAL/build/bin/Validate
timeout 60s, jobs 2, mode auto
using external binary: /Users/harold/ferroplan-0.28/target/release/ff
ipc-2006/pathways-preferences-complex: 28/30 solved, cost 734, 1521.3s solve-time, val 28/28
ipc-2006/pipesworld-preferences-complex: 16/18 solved, cost 927, 219.3s solve-time, val 16/16
ipc-2006/storage-preferences-complex: 2/20 solved, cost 34, 59.3s solve-time, val 2/2
ipc-2006/tpp-preferences-complex: 8/20 solved, cost 160, 396.6s solve-time, val 8/8
ipc-2006/trucks-preferences-complex: 20/20 solved, cost 455, 933.4s solve-time, val 20/20

wrote benchmarks/probes-0.28/lanes-sit/complex-pref-2006.md (raw: benchmarks/probes-0.28/lanes-sit/complex-pref-2006.jsonl) — total coverage 74/108
== time-2006 2026-09-20 15:32:02  load: 4.06 5.03 5.71  busiest:  65.4 /Applications/Brave Browser.app/Contents/Frameworks/Brave Browser Framework.framework/Versions/153.1.95.104/Helpers/Brave Browser Helper (Renderer).app/Contents/MacOS/Brave Browser Helper (Renderer);  7.3 /System/Library/PrivateFrameworks/SkyLight.framework/Resources/WindowServer;
corpus: /Users/harold/ferroplan/benchmarks/.ipc-corpus
VAL: /Users/harold/ferroplan/benchmarks/.val/VAL/build/bin/Validate
timeout 60s, jobs 2, mode auto
using external binary: /Users/harold/ferroplan-0.28/target/release/ff
ipc-2006/openstacks-time: 20/20 solved, cost 1504, 27.6s solve-time, val 20/20
ipc-2006/openstacks-time-strips: 20/20 solved, cost 1504, 1.9s solve-time, val 20/20
ipc-2006/storage-time: 26/30 solved, cost 972, 201.8s solve-time, val 26/26
ipc-2006/trucks-time: 30/30 solved, cost 2557, 297.2s solve-time, val 30/30
ipc-2006/trucks-time-strips: 30/30 solved, cost 2507, 294.3s solve-time, val 30/30

wrote benchmarks/probes-0.28/lanes-sit/time-2006.md (raw: benchmarks/probes-0.28/lanes-sit/time-2006.jsonl) — total coverage 126/130
== metric-time-2006 2026-09-20 15:41:18  load: 2.88 3.82 4.73  busiest:   1.8 /Applications/Brave Browser.app/Contents/Frameworks/Brave Browser Framework.framework/Versions/153.1.95.104/Helpers/Brave Browser Helper (Renderer).app/Contents/MacOS/Brave Browser Helper (Renderer);  1.0 /Applications/Brave Browser.app/Contents/Frameworks/Brave Browser Framework.framework/Versions/153.1.95.104/Helpers/Brave Browser Helper.app/Contents/MacOS/Brave Browser Helper;
corpus: /Users/harold/ferroplan/benchmarks/.ipc-corpus
VAL: /Users/harold/ferroplan/benchmarks/.val/VAL/build/bin/Validate
timeout 60s, jobs 2, mode auto
using external binary: /Users/harold/ferroplan-0.28/target/release/ff
ipc-2006/openstacks-metric-time: 20/20 solved, cost 1504, 0.2s solve-time, val 20/20
ipc-2006/openstacks-metric-time-strips: 20/20 solved, cost 1504, 0.2s solve-time, val 20/20
ipc-2006/pathways-metric-time: 8/30 solved, cost 976, 126.0s solve-time, val 8/8
ipc-2006/pipesworld-metric-time: 38/50 solved, cost 1604, 806.3s solve-time, val 38/38
ipc-2006/rovers-metric-time: 7/40 solved, cost 119, 19.2s solve-time, val 7/7
ipc-2006/tpp-metric-time: 7/40 solved, cost 155, 141.0s solve-time, val 7/7

wrote benchmarks/probes-0.28/lanes-sit/metric-time-2006.md (raw: benchmarks/probes-0.28/lanes-sit/metric-time-2006.jsonl) — total coverage 100/200
== constraints-2006 2026-09-20 16:40:44  load: 6.66 7.48 7.90  busiest: 222.8 /System/Library/PrivateFrameworks/MediaAnalysis.framework/Versions/A/mediaanalysisd; 17.0 /System/Library/PrivateFrameworks/SkyLight.framework/Resources/WindowServer;
corpus: /Users/harold/ferroplan/benchmarks/.ipc-corpus
VAL: /Users/harold/ferroplan/benchmarks/.val/VAL/build/bin/Validate
timeout 60s, jobs 2, mode auto
using external binary: /Users/harold/ferroplan-0.28/target/release/ff
ipc-2006/pipesworld-metric-time-constraints: 3/20 solved, cost 28, 11.4s solve-time, val 3/3
ipc-2006/storage-time-constraints: 15/30 solved, cost 220, 57.1s solve-time, val 3/3
ipc-2006/tpp-metric-time-constraints: 0/30 solved, cost 0, 0.0s solve-time, val 0/0
ipc-2006/trucks-time-constraints: 5/20 solved, cost 117, 0.5s solve-time, val 5/5
ipc-2006/trucks-time-constraints-timed-initial-literals: 5/20 solved, cost 116, 0.2s solve-time, val 5/5

wrote benchmarks/probes-0.28/lanes-sit/constraints-2006.md (raw: benchmarks/probes-0.28/lanes-sit/constraints-2006.jsonl) — total coverage 28/120
== tempo-sat-2014 2026-09-20 17:17:57  load: 23.01 22.50 19.31  busiest:  87.2 /Users/harold/.rustup/toolchains/stable-aarch64-apple-darwin/bin/rustc; 87.0 /System/Library/PrivateFrameworks/MediaAnalysis.framework/Versions/A/mediaanalysisd;
corpus: /Users/harold/ferroplan/benchmarks/.ipc-corpus
VAL: /Users/harold/ferroplan/benchmarks/.val/VAL/build/bin/Validate
timeout 60s, jobs 2, mode auto
using external binary: /Users/harold/ferroplan-0.28/target/release/ff
ipc-2014/driver-log-temporal-satisficing: 4/20 solved, cost 326, 60.3s solve-time, val 4/4
ipc-2014/floor-tile-temporal-satisficing: 2/20 solved, cost 98, 46.8s solve-time, val 2/2
ipc-2014/map-analyzer-temporal-satisficing: 20/20 solved, cost 808, 200.8s solve-time, val 20/20
ipc-2014/match-cellar-temporal-satisficing: 20/20 solved, cost 1060, 270.6s solve-time, val 20/20
ipc-2014/parking-temporal-satisficing: 20/20 solved, cost 379, 49.4s solve-time, val 20/20
ipc-2014/road-traffic-accident-management-temporal-satisficing: 7/20 solved, cost 4519, 139.6s solve-time, val 7/7
== stopped by hand 2026-09-20 17:52:58: tempo boards to be re-measured through the crucible (contention-aware)
