engine  ff 0.27.1 [c0893fb8ccc7]
canary  trucks-propositional/8@c0893fb8ccc7 baseline 0.776 s (median of 5 runs, no history yet); read every 1200 s, slow above 1.15x
db      /Users/harold/.crucible/db/crucible.db
subset  boards ipc67-temporal,ipc2014-tempo; prior solved -- 519 instance(s) of set cut27, staged at /Users/harold/ferroplan/benchmarks/probes/lanes-0.28-regress/0.27.1-c0893fb8ccc7
        no board is marked done and no pass is recorded: the rows are the record
== pass 1 -- 2 board(s) outstanding
   ipc2014-tempo          packed: 56 wide x10 (14.5 GB budget), 18 narrow, 4 solo
!! width - -> 9 (full, idle 7859s, foreign 38%)
!! throttle full -> polite (Foreign(45.7))
!! width 9 -> 6 (polite, idle 7899s, foreign 381%)
!! width 6 -> 3 (polite, idle 7919s, foreign 622%)
!! width 3 -> 1 (polite, idle 7939s, foreign 818%)
!! width 1 -> 3 (polite, idle 7959s, foreign 651%)
!! width 3 -> 2 (polite, idle 7979s, foreign 704%)
!! width 2 -> 3 (polite, idle 7999s, foreign 681%)
!! width 3 -> 1 (polite, idle 8039s, foreign 854%)
!! width 1 -> 2 (polite, idle 8119s, foreign 724%)
!! width 2 -> 1 (polite, idle 8139s, foreign 817%)
!! width 1 -> 2 (polite, idle 8159s, foreign 731%)
!! width 2 -> 1 (polite, idle 8179s, foreign 880%)
!! width 1 -> 2 (polite, idle 8199s, foreign 764%)
!! width 2 -> 1 (polite, idle 8239s, foreign 850%)
!! width 1 -> 5 (polite, idle 8299s, foreign 482%)
!! width 5 -> 8 (polite, idle 8319s, foreign 171%)
!! width 8 -> 7 (polite, idle 8359s, foreign 255%)
!! width 7 -> 6 (polite, idle 8379s, foreign 310%)
!! width 6 -> 1 (polite, idle 8399s, foreign 862%)
!! width 1 -> 7 (polite, idle 8419s, foreign 289%)
!! width 7 -> 8 (polite, idle 8439s, foreign 134%)
!! width 8 -> 7 (polite, idle 8479s, foreign 285%)
!! width 7 -> 6 (polite, idle 8499s, foreign 388%)
!! width 6 -> 4 (polite, idle 8519s, foreign 503%)
!! width 4 -> 8 (polite, idle 8539s, foreign 179%)
!! width 8 -> 3 (polite, idle 8559s, foreign 640%)
!! width 3 -> 9 (polite, idle 8579s, foreign 82%)
!! width 9 -> 8 (polite, idle 8599s, foreign 127%)
!! width 8 -> 6 (polite, idle 8679s, foreign 400%)
!! width 6 -> 9 (polite, idle 8699s, foreign 55%)
!! width 9 -> 7 (polite, idle 8899s, foreign 281%)
!! width 7 -> 6 (polite, idle 8919s, foreign 311%)
!! width 6 -> 4 (polite, idle 8939s, foreign 568%)
!! width 4 -> 5 (polite, idle 8959s, foreign 452%)
!! width 5 -> 3 (polite, idle 8979s, foreign 688%)
!! width 3 -> 4 (polite, idle 9019s, foreign 546%)
!! width 4 -> 5 (polite, idle 9039s, foreign 479%)
!! width 5 -> 7 (polite, idle 9060s, foreign 259%)
!! width 7 -> 1 (polite, idle 9099s, foreign 856%)
!! width 1 -> 6 (polite, idle 9119s, foreign 321%)
!! width 6 -> 5 (polite, idle 9139s, foreign 441%)
!! width 5 -> 6 (polite, idle 9179s, foreign 322%)
!! width 6 -> 9 (polite, idle 9199s, foreign 56%)
!! width 9 -> 8 (polite, idle 9299s, foreign 151%)
!! width 8 -> 9 (polite, idle 9319s, foreign 52%)
!! width 9 -> 8 (polite, idle 9419s, foreign 187%)
!! width 8 -> 7 (polite, idle 9439s, foreign 284%)
!! width 7 -> 9 (polite, idle 9459s, foreign 71%)
!! width 9 -> 8 (polite, idle 9479s, foreign 165%)
!! width 8 -> 7 (polite, idle 9499s, foreign 260%)
!! width 7 -> 8 (polite, idle 9519s, foreign 178%)
!! width 8 -> 6 (polite, idle 9539s, foreign 313%)
!! width 6 -> 3 (polite, idle 9559s, foreign 658%)
!! width 3 -> 7 (polite, idle 9579s, foreign 279%)
!! width 7 -> 5 (polite, idle 9599s, foreign 413%)
!! width 5 -> 7 (polite, idle 9619s, foreign 241%)
!! width 7 -> 3 (polite, idle 9659s, foreign 676%)
!! canary trucks-propositional/8@c0893fb8ccc7 at 2.31x its baseline -- the box is slow
!! width 3 -> 5 (polite, idle 9679s, foreign 453%)
!! width 5 -> 6 (polite, idle 9699s, foreign 373%)
!! width 6 -> 5 (polite, idle 9719s, foreign 430%)
!! width 5 -> 7 (polite, idle 9759s, foreign 257%)
!! width 7 -> 1 (polite, idle 9799s, foreign 972%)
!! width 1 -> 9 (polite, idle 9819s, foreign 43%)
!! width 9 -> 3 (polite, idle 9839s, foreign 675%)
!! width 3 -> 5 (polite, idle 9859s, foreign 485%)
!! width 5 -> 2 (polite, idle 9879s, foreign 722%)
!! width 2 -> 6 (polite, idle 9899s, foreign 324%)
!! width 6 -> 2 (polite, idle 9919s, foreign 786%)
!! width 2 -> 1 (polite, idle 9939s, foreign 851%)
!! canary trucks-propositional/8@c0893fb8ccc7 at 4.29x its baseline -- the box is slow
!! width 1 -> 4 (polite, idle 9999s, foreign 571%)
!! width 4 -> 6 (polite, idle 10039s, foreign 352%)
!! width 6 -> 9 (polite, idle 10059s, foreign 64%)
!! width 9 -> 4 (polite, idle 10079s, foreign 596%)
!! width 4 -> 7 (polite, idle 10099s, foreign 276%)
!! width 7 -> 6 (polite, idle 10119s, foreign 325%)
!! width 6 -> 7 (polite, idle 10139s, foreign 283%)
!! width 7 -> 4 (polite, idle 10279s, foreign 560%)
!! width 4 -> 3 (polite, idle 10299s, foreign 634%)
!! width 3 -> 6 (polite, idle 10319s, foreign 302%)
!! width 6 -> 7 (polite, idle 10339s, foreign 249%)
!! width 7 -> 4 (polite, idle 10399s, foreign 592%)
!! width 4 -> 9 (polite, idle 10419s, foreign 20%)
!! width 9 -> 7 (polite, idle 10499s, foreign 223%)
!! width 7 -> 8 (polite, idle 10519s, foreign 191%)
!! width 8 -> 9 (polite, idle 10539s, foreign 67%)
!! width 9 -> 8 (polite, idle 10599s, foreign 121%)
!! width 8 -> 9 (polite, idle 10619s, foreign 61%)
!! width 9 -> 8 (polite, idle 10639s, foreign 135%)
!! width 8 -> 9 (polite, idle 10659s, foreign 73%)
!! width 9 -> 7 (polite, idle 10699s, foreign 234%)
!! width 7 -> 9 (polite, idle 10999s, foreign 43%)
!! width 9 -> 8 (polite, idle 11199s, foreign 175%)
!! width 8 -> 9 (polite, idle 11219s, foreign 78%)
!! width 9 -> 8 (polite, idle 11299s, foreign 121%)
!! width 8 -> 7 (polite, idle 11319s, foreign 252%)
!! width 7 -> 6 (polite, idle 11379s, foreign 342%)
!! width 6 -> 7 (polite, idle 11399s, foreign 270%)
!! width 7 -> 6 (polite, idle 11599s, foreign 334%)
!! width 6 -> 8 (polite, idle 11619s, foreign 158%)
!! width 8 -> 9 (polite, idle 11639s, foreign 68%)
!! width 9 -> 5 (polite, idle 11679s, foreign 435%)
!! width 5 -> 7 (polite, idle 11699s, foreign 209%)
!! width 7 -> 9 (polite, idle 11719s, foreign 69%)
!! width 9 -> 8 (polite, idle 11739s, foreign 150%)
!! width 8 -> 9 (polite, idle 11759s, foreign 85%)
!! width 9 -> 7 (polite, idle 11779s, foreign 225%)
!! width 7 -> 8 (polite, idle 11799s, foreign 192%)
!! width 8 -> 9 (polite, idle 11819s, foreign 82%)
!! width 9 -> 8 (polite, idle 11839s, foreign 152%)
!! width 8 -> 9 (polite, idle 11859s, foreign 62%)
!! width 9 -> 7 (polite, idle 11959s, foreign 264%)
!! width 7 -> 6 (polite, idle 11979s, foreign 306%)
!! width 6 -> 7 (polite, idle 11999s, foreign 294%)
!! width 7 -> 8 (polite, idle 12019s, foreign 147%)
!! width 8 -> 6 (polite, idle 12059s, foreign 357%)
!! canary trucks-propositional/8@c0893fb8ccc7 at 2.31x its baseline -- the box is slow
!! width 6 -> 4 (polite, idle 12079s, foreign 509%)
!! width 4 -> 5 (polite, idle 12099s, foreign 412%)
!! width 5 -> 8 (polite, idle 12119s, foreign 136%)
!! width 8 -> 7 (polite, idle 12139s, foreign 263%)
!! width 7 -> 4 (polite, idle 12199s, foreign 508%)
!! width 4 -> 6 (polite, idle 12219s, foreign 310%)
!! width 6 -> 8 (polite, idle 12239s, foreign 164%)
!! width 8 -> 6 (polite, idle 12259s, foreign 353%)
!! width 6 -> 7 (polite, idle 12279s, foreign 230%)
!! width 7 -> 6 (polite, idle 12299s, foreign 330%)
!! width 6 -> 7 (polite, idle 12319s, foreign 254%)
!! width 7 -> 1 (polite, idle 12339s, foreign 865%)
!! width 1 -> 6 (polite, idle 12359s, foreign 375%)
!! width 6 -> 7 (polite, idle 12379s, foreign 216%)
!! width 7 -> 6 (polite, idle 12459s, foreign 325%)
!! width 6 -> 7 (polite, idle 12499s, foreign 246%)
!! width 7 -> 6 (polite, idle 12519s, foreign 370%)
!! width 6 -> 1 (polite, idle 12539s, foreign 915%)
!! width 1 -> 5 (polite, idle 12559s, foreign 433%)
!! width 5 -> 7 (polite, idle 12579s, foreign 236%)
!! width 7 -> 5 (polite, idle 12639s, foreign 430%)
!! width 5 -> 6 (polite, idle 12659s, foreign 324%)
!! width 6 -> 7 (polite, idle 12679s, foreign 245%)
!! width 7 -> 4 (polite, idle 12739s, foreign 517%)
!! width 4 -> 6 (polite, idle 12759s, foreign 396%)
!! width 6 -> 4 (polite, idle 12779s, foreign 552%)
!! width 4 -> 5 (polite, idle 12799s, foreign 409%)
!! width 5 -> 4 (polite, idle 12819s, foreign 520%)
!! width 4 -> 5 (polite, idle 12839s, foreign 483%)
!! width 5 -> 8 (polite, idle 12899s, foreign 171%)
!! width 8 -> 7 (polite, idle 12919s, foreign 293%)
!! width 7 -> 9 (polite, idle 12939s, foreign 56%)
!! width 9 -> 8 (polite, idle 12959s, foreign 115%)
!! width 8 -> 9 (polite, idle 12979s, foreign 64%)
!! width 9 -> 5 (polite, idle 12999s, foreign 418%)
!! width 5 -> 7 (polite, idle 13019s, foreign 256%)
!! width 7 -> 5 (polite, idle 13039s, foreign 450%)
!! width 5 -> 7 (polite, idle 13059s, foreign 206%)
!! width 7 -> 9 (polite, idle 13079s, foreign 87%)
!! width 9 -> 7 (polite, idle 13099s, foreign 218%)
!! width 7 -> 8 (polite, idle 13179s, foreign 124%)
!! width 8 -> 6 (polite, idle 13199s, foreign 400%)
!! width 6 -> 2 (polite, idle 13239s, foreign 741%)
!! width 2 -> 1 (polite, idle 13259s, foreign 843%)
!! canary trucks-propositional/8@c0893fb8ccc7 at 2.98x its baseline -- the box is slow
!! width 1 -> 2 (polite, idle 13439s, foreign 707%)
!! width 2 -> 3 (polite, idle 13459s, foreign 664%)
!! width 3 -> 1 (polite, idle 13479s, foreign 869%)
!! width 1 -> 2 (polite, idle 13499s, foreign 730%)
!! width 2 -> 1 (polite, idle 13519s, foreign 868%)
!! width 1 -> 2 (polite, idle 13539s, foreign 784%)
!! width 2 -> 1 (polite, idle 13559s, foreign 821%)
!! canary trucks-propositional/8@c0893fb8ccc7 at 3.95x its baseline -- the box is slow
!! width 1 -> 4 (polite, idle 13619s, foreign 505%)
!! width 4 -> 2 (polite, idle 13639s, foreign 764%)
!! width 2 -> 6 (polite, idle 13659s, foreign 348%)
!! width 6 -> 5 (polite, idle 13699s, foreign 454%)
!! width 5 -> 7 (polite, idle 13719s, foreign 276%)
!! width 7 -> 6 (polite, idle 13739s, foreign 343%)
!! width 6 -> 8 (polite, idle 13759s, foreign 146%)
!! width 8 -> 6 (polite, idle 13779s, foreign 379%)
!! width 6 -> 1 (polite, idle 13819s, foreign 866%)
!! width 1 -> 4 (polite, idle 13839s, foreign 587%)
!! width 4 -> 7 (polite, idle 13859s, foreign 271%)
!! width 7 -> 5 (polite, idle 13879s, foreign 482%)
!! canary trucks-propositional/8@c0893fb8ccc7 at 1.98x its baseline -- the box is slow
!! width 5 -> 4 (polite, idle 13919s, foreign 516%)
!! width 4 -> 2 (polite, idle 13959s, foreign 732%)
!! width 2 -> 3 (polite, idle 13979s, foreign 649%)
!! width 3 -> 6 (polite, idle 14019s, foreign 385%)
!! width 6 -> 5 (polite, idle 14039s, foreign 431%)
!! width 5 -> 2 (polite, idle 14059s, foreign 723%)
!! width 2 -> 4 (polite, idle 14079s, foreign 558%)
!! width 4 -> 5 (polite, idle 14099s, foreign 418%)
!! width 5 -> 8 (polite, idle 14119s, foreign 198%)
!! width 8 -> 6 (polite, idle 14139s, foreign 341%)
!! width 6 -> 7 (polite, idle 14159s, foreign 258%)
!! width 7 -> 5 (polite, idle 14179s, foreign 453%)
!! canary trucks-propositional/8@c0893fb8ccc7 at 1.99x its baseline -- the box is slow
!! width 5 -> 6 (polite, idle 14199s, foreign 365%)
!! width 6 -> 8 (polite, idle 14219s, foreign 196%)
!! width 8 -> 3 (polite, idle 14259s, foreign 649%)
!! width 3 -> 6 (polite, idle 14280s, foreign 382%)
!! width 6 -> 8 (polite, idle 14319s, foreign 132%)
!! width 8 -> 2 (polite, idle 14339s, foreign 749%)
!! width 2 -> 1 (polite, idle 14359s, foreign 846%)
!! width 1 -> 2 (polite, idle 14379s, foreign 744%)
!! width 2 -> 7 (polite, idle 14399s, foreign 274%)
!! width 7 -> 6 (polite, idle 14419s, foreign 369%)
!! width 6 -> 4 (polite, idle 14439s, foreign 553%)
!! width 4 -> 5 (polite, idle 14459s, foreign 426%)
!! canary trucks-propositional/8@c0893fb8ccc7 at 2.66x its baseline -- the box is slow
!! width 5 -> 2 (polite, idle 14499s, foreign 710%)
!! width 2 -> 6 (polite, idle 14519s, foreign 384%)
!! width 6 -> 4 (polite, idle 14559s, foreign 569%)
!! width 4 -> 2 (polite, idle 14579s, foreign 774%)
!! width 2 -> 5 (polite, idle 14599s, foreign 432%)
!! width 5 -> 2 (polite, idle 14619s, foreign 750%)
!! width 2 -> 4 (polite, idle 14641s, foreign 538%)
!! width 4 -> 5 (polite, idle 14659s, foreign 486%)
!! width 5 -> 6 (polite, idle 14679s, foreign 375%)
!! width 6 -> 3 (polite, idle 14699s, foreign 618%)
!! width 3 -> 1 (polite, idle 14719s, foreign 946%)
!! width 1 -> 4 (polite, idle 14739s, foreign 586%)
!! width 4 -> 6 (polite, idle 14759s, foreign 370%)
!! width 6 -> 8 (polite, idle 14779s, foreign 178%)
!! canary trucks-propositional/8@c0893fb8ccc7 at 4.97x its baseline -- the box is slow
!! width 8 -> 3 (polite, idle 14800s, foreign 693%)
!! width 3 -> 1 (polite, idle 14839s, foreign 805%)
!! width 1 -> 3 (polite, idle 14859s, foreign 680%)
!! width 3 -> 6 (polite, idle 14879s, foreign 392%)
!! width 6 -> 7 (polite, idle 14899s, foreign 240%)
!! width 7 -> 8 (polite, idle 14919s, foreign 148%)
!! width 8 -> 2 (polite, idle 14939s, foreign 716%)
!! width 2 -> 9 (polite, idle 14959s, foreign 58%)
!! width 9 -> 7 (polite, idle 15019s, foreign 270%)
!! width 7 -> 6 (polite, idle 15059s, foreign 378%)
!! width 6 -> 7 (polite, idle 15079s, foreign 282%)
!! width 7 -> 8 (polite, idle 15119s, foreign 183%)
!! width 8 -> 7 (polite, idle 15139s, foreign 250%)
!! width 7 -> 5 (polite, idle 15179s, foreign 448%)
!! width 5 -> 7 (polite, idle 15199s, foreign 275%)
!! width 7 -> 6 (polite, idle 15219s, foreign 337%)
!! width 6 -> 7 (polite, idle 15239s, foreign 291%)
!! width 7 -> 8 (polite, idle 15279s, foreign 134%)
!! width 8 -> 6 (polite, idle 15299s, foreign 308%)
!! width 6 -> 9 (polite, idle 15319s, foreign 60%)
!! width 9 -> 7 (polite, idle 15399s, foreign 217%)
!! width 7 -> 8 (polite, idle 15419s, foreign 121%)
!! width 8 -> 6 (polite, idle 15439s, foreign 325%)
!! width 6 -> 9 (polite, idle 15459s, foreign 73%)
!! width 9 -> 8 (polite, idle 15499s, foreign 176%)
!! width 8 -> 7 (polite, idle 15519s, foreign 206%)
!! width 7 -> 9 (polite, idle 15539s, foreign 70%)
!! width 9 -> 8 (polite, idle 15559s, foreign 109%)
!! width 8 -> 9 (polite, idle 15579s, foreign 72%)
!! width 9 -> 7 (polite, idle 15599s, foreign 286%)
!! width 7 -> 5 (polite, idle 15619s, foreign 420%)
!! width 5 -> 6 (polite, idle 15639s, foreign 369%)
!! width 6 -> 5 (polite, idle 15659s, foreign 417%)
!! width 5 -> 6 (polite, idle 15679s, foreign 367%)
!! canary trucks-propositional/8@c0893fb8ccc7 at 1.31x its baseline -- the box is slow
!! width 6 -> 5 (polite, idle 15739s, foreign 482%)
!! width 5 -> 6 (polite, idle 15779s, foreign 378%)
!! width 6 -> 4 (polite, idle 15879s, foreign 564%)
!! width 4 -> 1 (polite, idle 15899s, foreign 938%)
!! width 1 -> 3 (polite, idle 15919s, foreign 606%)
!! width 3 -> 4 (polite, idle 15939s, foreign 538%)
!! width 4 -> 7 (polite, idle 15959s, foreign 250%)
!! width 7 -> 2 (polite, idle 15979s, foreign 732%)
!! width 2 -> 3 (polite, idle 15999s, foreign 682%)
!! canary trucks-propositional/8@c0893fb8ccc7 at 1.97x its baseline -- the box is slow
!! width 3 -> 4 (polite, idle 16019s, foreign 524%)
!! width 4 -> 5 (polite, idle 16039s, foreign 474%)
!! width 5 -> 3 (polite, idle 16059s, foreign 660%)
!! width 3 -> 6 (polite, idle 16079s, foreign 323%)
!! width 6 -> 7 (polite, idle 16119s, foreign 282%)
!! width 7 -> 8 (polite, idle 16139s, foreign 177%)
!! width 8 -> 6 (polite, idle 16159s, foreign 399%)
!! width 6 -> 7 (polite, idle 16179s, foreign 277%)
!! width 7 -> 6 (polite, idle 16199s, foreign 356%)
!! width 6 -> 5 (polite, idle 16259s, foreign 426%)
!! canary trucks-propositional/8@c0893fb8ccc7 at 1.31x its baseline -- the box is slow
!! width 5 -> 6 (polite, idle 16319s, foreign 362%)
!! width 6 -> 4 (polite, idle 16339s, foreign 591%)
!! width 4 -> 5 (polite, idle 16359s, foreign 452%)
!! width 5 -> 4 (polite, idle 16419s, foreign 578%)
!! width 4 -> 5 (polite, idle 16439s, foreign 437%)
!! width 5 -> 6 (polite, idle 16459s, foreign 380%)
!! width 6 -> 5 (polite, idle 16479s, foreign 434%)
!! width 5 -> 2 (polite, idle 16519s, foreign 725%)
!! width 2 -> 5 (polite, idle 16539s, foreign 498%)
!! width 5 -> 7 (polite, idle 16559s, foreign 205%)
!! width 7 -> 5 (polite, idle 16579s, foreign 497%)
!! width 5 -> 4 (polite, idle 16599s, foreign 559%)
!! canary trucks-propositional/8@c0893fb8ccc7 at 1.64x its baseline -- the box is slow
!! width 4 -> 5 (polite, idle 16619s, foreign 453%)
!! width 5 -> 6 (polite, idle 16639s, foreign 384%)
!! width 6 -> 5 (polite, idle 16659s, foreign 428%)
!! width 5 -> 7 (polite, idle 16699s, foreign 270%)
!! width 7 -> 5 (polite, idle 16719s, foreign 487%)
!! width 5 -> 2 (polite, idle 16739s, foreign 755%)
!! width 2 -> 7 (polite, idle 16759s, foreign 241%)
!! width 7 -> 5 (polite, idle 16819s, foreign 489%)
!! width 5 -> 6 (polite, idle 16839s, foreign 399%)
!! width 6 -> 5 (polite, idle 16859s, foreign 452%)
!! width 5 -> 6 (polite, idle 16899s, foreign 394%)
!! canary trucks-propositional/8@c0893fb8ccc7 at 1.66x its baseline -- the box is slow
!! width 6 -> 5 (polite, idle 16959s, foreign 418%)
!! width 5 -> 6 (polite, idle 17059s, foreign 330%)
!! width 6 -> 5 (polite, idle 17079s, foreign 478%)
!! width 5 -> 7 (polite, idle 17119s, foreign 249%)
!! width 7 -> 8 (polite, idle 17139s, foreign 154%)
!! width 8 -> 7 (polite, idle 17159s, foreign 226%)
!! width 7 -> 8 (polite, idle 17179s, foreign 146%)
!! width 8 -> 6 (polite, idle 17199s, foreign 365%)
!! canary trucks-propositional/8@c0893fb8ccc7 at 1.33x its baseline -- the box is slow
!! width 6 -> 7 (polite, idle 17239s, foreign 257%)
!! width 7 -> 6 (polite, idle 17259s, foreign 366%)
!! width 6 -> 7 (polite, idle 17299s, foreign 250%)
!! width 7 -> 6 (polite, idle 17319s, foreign 385%)
!! width 6 -> 3 (polite, idle 17379s, foreign 656%)
!! width 3 -> 8 (polite, idle 17399s, foreign 179%)
!! width 8 -> 6 (polite, idle 17419s, foreign 341%)
!! width 6 -> 7 (polite, idle 17459s, foreign 266%)
!! width 7 -> 6 (polite, idle 17499s, foreign 336%)
!! width 6 -> 7 (polite, idle 17519s, foreign 257%)
!! width 7 -> 6 (polite, idle 17559s, foreign 313%)
!! width 6 -> 7 (polite, idle 17579s, foreign 250%)
!! width 7 -> 6 (polite, idle 17679s, foreign 318%)
!! width 6 -> 7 (polite, idle 17699s, foreign 269%)
!! width 7 -> 9 (polite, idle 17739s, foreign 35%)
!! width 9 -> 8 (polite, quiet hours, idle 17899s, foreign 133%)
!! width 8 -> 9 (polite, quiet hours, idle 17919s, foreign 69%)
!! width 9 -> 8 (polite, quiet hours, operator active 47s ago, foreign 132%)
!! width 8 -> 7 (polite, quiet hours, operator active 67s ago, foreign 236%)
!! width 7 -> 9 (polite, quiet hours, operator active 8s ago, foreign 51%)
!! width 9 -> 8 (polite, quiet hours, operator active 9s ago, foreign 172%)
!! width 8 -> 9 (polite, quiet hours, operator active 6s ago, foreign 72%)
!! width 9 -> 7 (polite, quiet hours, operator active 1s ago, foreign 210%)
!! width 7 -> 9 (polite, quiet hours, operator active 3s ago, foreign 80%)
!! width 9 -> 7 (polite, quiet hours, idle 335s, foreign 271%)
!! width 7 -> 6 (polite, quiet hours, idle 355s, foreign 382%)
!! width 6 -> 7 (polite, quiet hours, idle 375s, foreign 273%)
!! width 7 -> 5 (polite, quiet hours, idle 395s, foreign 444%)
!! width 5 -> 7 (polite, quiet hours, idle 416s, foreign 271%)
!! width 7 -> 9 (polite, quiet hours, operator active 0s ago, foreign 93%)
!! width 9 -> 8 (polite, quiet hours, operator active 0s ago, foreign 100%)
!! width 8 -> 9 (polite, quiet hours, operator active 24s ago, foreign 79%)
!! width 9 -> 8 (polite, quiet hours, operator active 0s ago, foreign 154%)
!! width 8 -> 7 (polite, quiet hours, operator active 0s ago, foreign 252%)
!! width 7 -> 8 (polite, quiet hours, operator active 0s ago, foreign 129%)
!! width 8 -> 7 (polite, quiet hours, operator active 0s ago, foreign 202%)
!! width 7 -> 8 (polite, quiet hours, operator active 0s ago, foreign 108%)
!! width 8 -> 9 (polite, quiet hours, operator active 0s ago, foreign 90%)
!! width 9 -> 8 (polite, quiet hours, operator active 0s ago, foreign 112%)
!! width 8 -> 7 (polite, quiet hours, operator active 8s ago, foreign 205%)
!! width 7 -> 9 (polite, quiet hours, operator active 4s ago, foreign 70%)
!! width 9 -> 8 (polite, quiet hours, operator active 2s ago, foreign 140%)
!! width 8 -> 9 (polite, quiet hours, operator active 5s ago, foreign 96%)
!! width 9 -> 10 (polite, quiet hours, operator active 69s ago, foreign -0%)
!! width 10 -> 9 (polite, quiet hours, operator active 90s ago, foreign 11%)
!! width 9 -> 10 (polite, quiet hours, operator active 150s ago, foreign -0%)
!! width 10 -> 9 (polite, quiet hours, operator active 169s ago, foreign 20%)
!! width 9 -> 8 (polite, quiet hours, idle 310s, foreign 130%)
!! width 8 -> 7 (polite, quiet hours, idle 329s, foreign 234%)
!! width 7 -> 5 (polite, quiet hours, idle 389s, foreign 462%)
!! width 5 -> 7 (polite, quiet hours, idle 409s, foreign 222%)
!! width 7 -> 6 (polite, quiet hours, idle 469s, foreign 340%)
!! width 6 -> 9 (polite, quiet hours, idle 489s, foreign 75%)
   ipc2014-tempo          verdicts: packed 2, solved 78
   ipc2014-tempo          banked   78   78 -> 0
   ipc67-temporal         packed: 410 wide x10 (14.5 GB budget), 22 narrow, 9 solo
!! width 9 -> 8 (polite, quiet hours, idle 570s, foreign 149%)
!! width 8 -> 9 (polite, quiet hours, idle 610s, foreign 89%)
!! width 9 -> 8 (polite, quiet hours, idle 709s, foreign 146%)
!! width 8 -> 9 (polite, quiet hours, idle 729s, foreign 71%)
!! width 9 -> 8 (polite, quiet hours, idle 789s, foreign 179%)
!! width 8 -> 9 (polite, quiet hours, idle 810s, foreign 53%)
!! width 9 -> 8 (polite, quiet hours, idle 909s, foreign 166%)
!! width 8 -> 9 (polite, quiet hours, idle 930s, foreign 53%)
!! width 9 -> 5 (polite, quiet hours, idle 1109s, foreign 420%)
!! width 5 -> 7 (polite, quiet hours, idle 1129s, foreign 260%)
!! width 7 -> 6 (polite, quiet hours, idle 1209s, foreign 327%)
!! width 6 -> 7 (polite, quiet hours, idle 1230s, foreign 289%)
!! width 7 -> 6 (polite, quiet hours, idle 1269s, foreign 310%)
!! width 6 -> 7 (polite, quiet hours, idle 1289s, foreign 279%)
!! width 7 -> 6 (polite, quiet hours, idle 1349s, foreign 313%)
!! width 6 -> 7 (polite, quiet hours, idle 1389s, foreign 283%)
!! width 7 -> 8 (polite, quiet hours, idle 1409s, foreign 107%)
!! width 8 -> 9 (polite, quiet hours, idle 1429s, foreign 67%)
!! width 9 -> 8 (polite, quiet hours, idle 1449s, foreign 105%)
!! width 8 -> 9 (polite, quiet hours, idle 1489s, foreign 99%)
!! width 9 -> 8 (polite, quiet hours, idle 1649s, foreign 102%)
!! width 8 -> 7 (polite, quiet hours, idle 1689s, foreign 222%)
!! width 7 -> 6 (polite, quiet hours, idle 1709s, foreign 306%)
!! width 6 -> 7 (polite, quiet hours, idle 1729s, foreign 279%)
!! width 7 -> 6 (polite, quiet hours, idle 1749s, foreign 304%)
!! width 6 -> 7 (polite, quiet hours, idle 1769s, foreign 298%)
!! width 7 -> 9 (polite, quiet hours, idle 2009s, foreign 90%)
!! width 9 -> 8 (polite, quiet hours, idle 2069s, foreign 173%)
!! width 8 -> 6 (polite, quiet hours, idle 2109s, foreign 366%)
!! width 6 -> 9 (polite, quiet hours, idle 2129s, foreign 94%)
!! width 9 -> 8 (polite, quiet hours, idle 2289s, foreign 165%)
!! width 8 -> 7 (polite, quiet hours, idle 2309s, foreign 299%)
!! width 7 -> 6 (polite, quiet hours, idle 2369s, foreign 300%)
!! width 6 -> 7 (polite, quiet hours, idle 2390s, foreign 299%)
!! width 7 -> 6 (polite, quiet hours, idle 2409s, foreign 355%)
!! width 6 -> 7 (polite, quiet hours, idle 2429s, foreign 278%)
!! width 7 -> 8 (polite, quiet hours, idle 2610s, foreign 109%)
!! width 8 -> 9 (polite, quiet hours, idle 2629s, foreign 94%)
!! width 9 -> 7 (polite, quiet hours, idle 2749s, foreign 221%)
!! width 7 -> 9 (polite, quiet hours, idle 2769s, foreign 99%)
!! width 9 -> 8 (polite, quiet hours, idle 2790s, foreign 102%)
!! width 8 -> 9 (polite, quiet hours, idle 2809s, foreign 80%)
!! width 9 -> 8 (polite, quiet hours, idle 2830s, foreign 102%)
!! width 8 -> 9 (polite, quiet hours, idle 2849s, foreign 36%)
!! width 9 -> 7 (polite, quiet hours, idle 2909s, foreign 254%)
!! width 7 -> 8 (polite, quiet hours, idle 3210s, foreign 114%)
!! width 8 -> 9 (polite, quiet hours, idle 3249s, foreign 68%)
!! width 9 -> 7 (polite, quiet hours, idle 3289s, foreign 203%)
!! width 7 -> 8 (polite, quiet hours, idle 3309s, foreign 108%)
!! width 8 -> 9 (polite, quiet hours, idle 3389s, foreign 68%)
!! width 9 -> 7 (polite, quiet hours, idle 3429s, foreign 206%)
!! width 7 -> 9 (polite, quiet hours, idle 3450s, foreign 80%)
!! width 9 -> 7 (polite, quiet hours, idle 3509s, foreign 242%)
!! width 7 -> 8 (polite, quiet hours, idle 3529s, foreign 172%)
!! width 8 -> 7 (polite, quiet hours, idle 3550s, foreign 282%)
!! width 7 -> 8 (polite, quiet hours, idle 3569s, foreign 191%)
!! width 8 -> 7 (polite, quiet hours, idle 3609s, foreign 269%)
!! width 7 -> 9 (polite, quiet hours, idle 3809s, foreign 35%)
!! width 9 -> 8 (polite, quiet hours, idle 3949s, foreign 199%)
!! width 8 -> 9 (polite, quiet hours, idle 3969s, foreign 44%)
!! width 9 -> 10 (polite, quiet hours, idle 4049s, foreign -0%)
!! width 10 -> 9 (polite, quiet hours, idle 4069s, foreign 76%)
!! width 9 -> 10 (polite, quiet hours, idle 4089s, foreign -0%)
!! width 10 -> 8 (polite, quiet hours, idle 4109s, foreign 104%)
!! width 8 -> 7 (polite, quiet hours, idle 4129s, foreign 225%)
   ipc67-temporal         verdicts: solved 441
   ipc67-temporal         banked  441   441 -> 0
SWEEP COMPLETE -- 519 banked in 1 pass(es)
