engine  ff 0.27.1 [c0893fb8ccc7]
reap    6 child(ren) recorded by an earlier run
        89999 already gone
        90708 already gone
        91386 already gone
        92048 already gone
        92728 already gone
        94059 already gone
canary  trucks-propositional/8@c0893fb8ccc7 baseline 0.771 s (p25 of the last 100 readings is 0.771 s, against 5 runs now); read every 1200 s, slow above 1.15x
db      /Users/harold/.crucible/db/crucible.db
subset  boards ipc5-simple-pref,ipc5-qual-pref,ipc5-complex-pref,ipc5-time,ipc5-metric-time,ipc5-constraints -- 788 instance(s) of set cut27, staged at /Users/harold/ferroplan/benchmarks/probes/lanes-0.28/0.27.1-c0893fb8ccc7
        no board is marked done and no pass is recorded: the rows are the record
== pass 1 -- 6 board(s) outstanding
   ipc5-time              packed: 77 wide x10 (14.5 GB budget), 4 narrow, 49 solo
!! width - -> 10 (full, quiet hours, idle 7717s, foreign -0%)
!! width 10 -> 9 (full, quiet hours, idle 7737s, foreign 6%)
!! width 9 -> 8 (full, quiet hours, idle 7797s, foreign 106%)
!! width 8 -> 9 (full, quiet hours, idle 7817s, foreign 6%)
!! width 9 -> 10 (full, quiet hours, idle 7837s, foreign -0%)
!! width 10 -> 9 (full, quiet hours, idle 7877s, foreign 28%)
!! width 9 -> 10 (full, quiet hours, idle 7917s, foreign -0%)
!! width 10 -> 9 (full, quiet hours, idle 7937s, foreign 13%)
!! width 9 -> 10 (full, quiet hours, idle 8017s, foreign -0%)
!! width 10 -> 9 (full, quiet hours, idle 8057s, foreign 5%)
!! width 9 -> 10 (full, quiet hours, idle 8077s, foreign -0%)
!! width 10 -> 8 (full, quiet hours, idle 8117s, foreign 106%)
!! width 8 -> 10 (full, quiet hours, idle 8137s, foreign -0%)
!! width 10 -> 9 (full, quiet hours, idle 8177s, foreign 11%)
!! width 9 -> 10 (full, quiet hours, idle 8197s, foreign -0%)
!! width 10 -> 9 (full, quiet hours, idle 8237s, foreign 5%)
!! width 9 -> 10 (full, quiet hours, idle 8257s, foreign -0%)
!! width 10 -> 9 (full, quiet hours, idle 8297s, foreign 5%)
!! width 9 -> 10 (full, quiet hours, idle 8317s, foreign -0%)
!! width 10 -> 9 (full, quiet hours, idle 8357s, foreign 6%)
!! width 9 -> 10 (full, quiet hours, idle 8377s, foreign -0%)
!! width 10 -> 9 (full, quiet hours, idle 8417s, foreign 31%)
!! width 9 -> 10 (full, quiet hours, idle 8437s, foreign -0%)
!! width 10 -> 8 (full, quiet hours, idle 8477s, foreign 175%)
!! width 8 -> 10 (full, quiet hours, idle 8497s, foreign -0%)
!! width 10 -> 9 (full, quiet hours, idle 8517s, foreign 11%)
!! width 9 -> 10 (full, quiet hours, idle 8557s, foreign -0%)
!! width 10 -> 9 (full, quiet hours, idle 8597s, foreign 6%)
!! width 9 -> 10 (full, quiet hours, idle 8617s, foreign -0%)
!! width 10 -> 9 (full, quiet hours, idle 8637s, foreign 29%)
!! throttle full -> polite (Foreign(80.6))
!! width 9 -> 10 (polite, quiet hours, idle 8677s, foreign -0%)
!! width 10 -> 9 (polite, quiet hours, idle 8717s, foreign 13%)
   ipc5-time              verdicts: rho 4, solved 126
   ipc5-time              banked  130   130 -> 0
   ipc5-metric-time       packed: 56 wide x10 (14.5 GB budget), 3 narrow, 141 solo
!! throttle polite -> full (Clear)
!! width 9 -> 10 (full, quiet hours, idle 8737s, foreign -0%)
!! width 10 -> 9 (full, quiet hours, idle 8757s, foreign 5%)
!! width 9 -> 10 (full, quiet hours, idle 8797s, foreign -0%)
!! width 10 -> 9 (full, quiet hours, idle 8837s, foreign 6%)
!! width 9 -> 10 (full, quiet hours, idle 8977s, foreign -0%)
!! width 10 -> 9 (full, quiet hours, idle 9017s, foreign 6%)
!! width 9 -> 10 (full, quiet hours, idle 9037s, foreign -0%)
!! width 10 -> 9 (full, quiet hours, idle 9077s, foreign 12%)
!! width 9 -> 10 (full, quiet hours, idle 9097s, foreign -0%)
!! width 10 -> 9 (full, quiet hours, idle 9137s, foreign 14%)
!! width 9 -> 10 (full, quiet hours, idle 9157s, foreign -0%)
!! width 10 -> 9 (full, quiet hours, idle 9197s, foreign 5%)
!! width 9 -> 10 (full, quiet hours, idle 9277s, foreign -0%)
!! width 10 -> 9 (full, quiet hours, idle 9297s, foreign 5%)
!! width 9 -> 10 (full, quiet hours, idle 9337s, foreign -0%)
!! width 10 -> 9 (full, quiet hours, idle 9377s, foreign 6%)
!! width 9 -> 10 (full, quiet hours, idle 9397s, foreign -0%)
!! width 10 -> 9 (full, quiet hours, idle 9417s, foreign 6%)
!! width 9 -> 10 (full, quiet hours, idle 9517s, foreign -0%)
!! width 10 -> 9 (full, quiet hours, idle 9557s, foreign 22%)
!! width 9 -> 10 (full, quiet hours, idle 9577s, foreign -0%)
!! width 10 -> 9 (full, quiet hours, idle 9617s, foreign 6%)
!! width 9 -> 10 (full, quiet hours, idle 9657s, foreign -0%)
!! width 10 -> 9 (full, quiet hours, idle 9677s, foreign 6%)
!! width 9 -> 10 (full, quiet hours, idle 9697s, foreign -0%)
!! width 10 -> 9 (full, quiet hours, idle 9737s, foreign 6%)
!! width 9 -> 10 (full, quiet hours, idle 9777s, foreign -0%)
!! width 10 -> 9 (full, quiet hours, idle 9797s, foreign 5%)
!! width 9 -> 10 (full, quiet hours, idle 9817s, foreign -0%)
!! width 10 -> 9 (full, quiet hours, idle 9837s, foreign 7%)
!! width 9 -> 10 (full, quiet hours, idle 9877s, foreign -0%)
!! width 10 -> 9 (full, quiet hours, idle 9917s, foreign 8%)
!! width 9 -> 10 (full, quiet hours, idle 9997s, foreign -0%)
!! width 10 -> 9 (full, quiet hours, idle 10037s, foreign 11%)
!! width 9 -> 10 (full, quiet hours, idle 10077s, foreign -0%)
!! width 10 -> 9 (full, quiet hours, idle 10097s, foreign 19%)
!! width 9 -> 10 (full, quiet hours, idle 10137s, foreign -0%)
!! width 10 -> 9 (full, quiet hours, idle 10157s, foreign 5%)
!! width 9 -> 10 (full, quiet hours, idle 10177s, foreign -0%)
!! width 10 -> 9 (full, quiet hours, idle 10217s, foreign 12%)
!! width 9 -> 10 (full, quiet hours, idle 10237s, foreign -0%)
!! width 10 -> 9 (full, quiet hours, idle 10277s, foreign 20%)
!! width 9 -> 8 (full, quiet hours, idle 10337s, foreign 132%)
!! width 8 -> 9 (full, quiet hours, idle 10357s, foreign 10%)
!! width 9 -> 8 (full, quiet hours, idle 10377s, foreign 123%)
!! width 8 -> 9 (full, quiet hours, idle 10397s, foreign 5%)
!! width 9 -> 10 (full, quiet hours, idle 10417s, foreign -0%)
!! width 10 -> 9 (full, quiet hours, idle 10437s, foreign 6%)
!! width 9 -> 10 (full, quiet hours, idle 10477s, foreign -0%)
!! width 10 -> 9 (full, quiet hours, idle 10497s, foreign 11%)
!! throttle full -> polite (Foreign(31.9))
!! width 9 -> 10 (polite, quiet hours, idle 10777s, foreign -0%)
!! throttle polite -> full (Clear)
!! width 10 -> 9 (full, quiet hours, idle 10817s, foreign 12%)
!! width 9 -> 10 (full, quiet hours, idle 10837s, foreign -0%)
!! width 10 -> 9 (full, quiet hours, idle 10877s, foreign 5%)
!! width 9 -> 10 (full, quiet hours, idle 10897s, foreign -0%)
!! width 10 -> 9 (full, quiet hours, idle 10937s, foreign 13%)
!! width 9 -> 10 (full, quiet hours, idle 10957s, foreign -0%)
!! width 10 -> 9 (full, quiet hours, idle 10977s, foreign 16%)
!! width 9 -> 10 (full, quiet hours, idle 11017s, foreign -0%)
!! width 10 -> 9 (full, quiet hours, idle 11057s, foreign 6%)
!! width 9 -> 10 (full, quiet hours, idle 11077s, foreign -0%)
!! width 10 -> 9 (full, quiet hours, idle 11117s, foreign 7%)
!! width 9 -> 10 (full, quiet hours, idle 11157s, foreign -0%)
!! width 10 -> 9 (full, quiet hours, idle 11177s, foreign 11%)
!! width 9 -> 10 (full, quiet hours, idle 11197s, foreign -0%)
!! width 10 -> 9 (full, quiet hours, idle 11237s, foreign 5%)
!! width 9 -> 10 (full, quiet hours, idle 11257s, foreign -0%)
!! width 10 -> 9 (full, quiet hours, idle 11297s, foreign 6%)
!! width 9 -> 10 (full, quiet hours, idle 11317s, foreign -0%)
!! width 10 -> 9 (full, quiet hours, idle 11337s, foreign 6%)
!! width 9 -> 10 (full, quiet hours, idle 11377s, foreign -0%)
!! width 10 -> 9 (full, quiet hours, idle 11417s, foreign 6%)
!! width 9 -> 10 (full, quiet hours, idle 11457s, foreign -0%)
!! width 10 -> 9 (full, quiet hours, idle 11477s, foreign 5%)
!! width 9 -> 10 (full, quiet hours, idle 11497s, foreign -0%)
!! width 10 -> 9 (full, quiet hours, idle 11537s, foreign 6%)
!! width 9 -> 10 (full, quiet hours, idle 11557s, foreign -0%)
!! width 10 -> 9 (full, quiet hours, idle 11597s, foreign 10%)
!! width 9 -> 10 (full, quiet hours, idle 11617s, foreign -0%)
!! width 10 -> 9 (full, quiet hours, idle 11657s, foreign 5%)
!! width 9 -> 8 (full, quiet hours, idle 11697s, foreign 111%)
!! width 8 -> 9 (full, quiet hours, idle 11717s, foreign 7%)
!! width 9 -> 10 (full, quiet hours, idle 11737s, foreign -0%)
!! width 10 -> 9 (full, quiet hours, idle 11777s, foreign 6%)
!! width 9 -> 10 (full, quiet hours, idle 11817s, foreign -0%)
!! width 10 -> 9 (full, quiet hours, idle 11837s, foreign 5%)
!! width 9 -> 10 (full, quiet hours, idle 11857s, foreign -0%)
!! width 10 -> 9 (full, quiet hours, idle 11897s, foreign 6%)
!! width 9 -> 10 (full, quiet hours, idle 11917s, foreign -0%)
!! width 10 -> 9 (full, quiet hours, idle 11977s, foreign 6%)
!! width 9 -> 10 (full, quiet hours, idle 11997s, foreign -0%)
!! width 10 -> 9 (full, quiet hours, idle 12017s, foreign 6%)
!! width 9 -> 10 (full, quiet hours, idle 12037s, foreign -0%)
!! width 10 -> 9 (full, quiet hours, idle 12077s, foreign 5%)
!! width 9 -> 10 (full, quiet hours, idle 12097s, foreign -0%)
!! width 10 -> 9 (full, quiet hours, idle 12117s, foreign 12%)
!! width 9 -> 8 (full, quiet hours, idle 12137s, foreign 166%)
!! width 8 -> 9 (full, quiet hours, idle 12157s, foreign 11%)
!! width 9 -> 10 (full, quiet hours, idle 12177s, foreign -0%)
!! width 10 -> 9 (full, quiet hours, idle 12197s, foreign 5%)
!! width 9 -> 10 (full, quiet hours, idle 12217s, foreign -0%)
!! width 10 -> 9 (full, quiet hours, idle 12257s, foreign 94%)
!! width 9 -> 10 (full, quiet hours, idle 12277s, foreign -0%)
!! width 10 -> 9 (full, quiet hours, idle 12317s, foreign 7%)
!! width 9 -> 10 (full, quiet hours, idle 12337s, foreign -0%)
!! width 10 -> 9 (full, quiet hours, idle 12377s, foreign 5%)
!! width 9 -> 10 (full, quiet hours, idle 12397s, foreign -0%)
!! width 10 -> 9 (full, quiet hours, idle 12417s, foreign 7%)
!! width 9 -> 10 (full, quiet hours, idle 12477s, foreign -0%)
!! width 10 -> 9 (full, quiet hours, idle 12497s, foreign 6%)
!! width 9 -> 10 (full, quiet hours, idle 12517s, foreign -0%)
!! width 10 -> 9 (full, quiet hours, idle 12537s, foreign 41%)
!! width 9 -> 10 (full, quiet hours, idle 12577s, foreign -0%)
!! width 10 -> 9 (full, quiet hours, idle 12597s, foreign 19%)
!! width 9 -> 10 (full, quiet hours, idle 12657s, foreign -0%)
!! width 10 -> 9 (full, quiet hours, idle 12677s, foreign 6%)
!! width 9 -> 10 (full, quiet hours, idle 12697s, foreign -0%)
!! width 10 -> 8 (full, quiet hours, idle 12737s, foreign 151%)
!! width 8 -> 10 (full, quiet hours, idle 12757s, foreign -0%)
!! width 10 -> 9 (full, quiet hours, idle 12797s, foreign 5%)
!! width 9 -> 10 (full, quiet hours, idle 12817s, foreign -0%)
!! width 10 -> 9 (full, quiet hours, idle 12837s, foreign 34%)
!! width 9 -> 10 (full, quiet hours, idle 12857s, foreign -0%)
!! width 10 -> 9 (full, quiet hours, idle 12877s, foreign 6%)
!! width 9 -> 10 (full, quiet hours, idle 12897s, foreign -0%)
!! width 10 -> 9 (full, quiet hours, idle 12917s, foreign 37%)
!! width 9 -> 10 (full, quiet hours, idle 12997s, foreign -0%)
!! width 10 -> 9 (full, quiet hours, idle 13037s, foreign 6%)
!! width 9 -> 10 (full, quiet hours, idle 13057s, foreign -0%)
!! width 10 -> 9 (full, quiet hours, idle 13097s, foreign 5%)
!! width 9 -> 10 (full, quiet hours, idle 13117s, foreign -0%)
!! width 10 -> 9 (full, quiet hours, idle 13157s, foreign 5%)
!! width 9 -> 10 (full, quiet hours, idle 13177s, foreign -0%)
!! width 10 -> 9 (full, quiet hours, idle 13217s, foreign 64%)
!! width 9 -> 10 (full, quiet hours, idle 13257s, foreign -0%)
!! width 10 -> 9 (full, quiet hours, idle 13277s, foreign 12%)
!! width 9 -> 10 (full, quiet hours, idle 13297s, foreign -0%)
!! width 10 -> 9 (full, quiet hours, idle 13317s, foreign 6%)
!! width 9 -> 10 (full, quiet hours, idle 13357s, foreign -0%)
!! width 10 -> 9 (full, quiet hours, idle 13397s, foreign 10%)
!! width 9 -> 10 (full, quiet hours, idle 13437s, foreign -0%)
!! width 10 -> 9 (full, quiet hours, idle 13457s, foreign 5%)
!! width 9 -> 10 (full, quiet hours, idle 13477s, foreign -0%)
!! width 10 -> 9 (full, quiet hours, idle 13517s, foreign 13%)
!! width 9 -> 10 (full, quiet hours, idle 13557s, foreign -0%)
!! width 10 -> 9 (full, quiet hours, idle 13577s, foreign 6%)
!! width 9 -> 10 (full, quiet hours, idle 13617s, foreign -0%)
!! width 10 -> 9 (full, quiet hours, idle 13637s, foreign 6%)
!! width 9 -> 10 (full, quiet hours, idle 13657s, foreign -0%)
!! width 10 -> 9 (full, quiet hours, idle 13677s, foreign 12%)
!! width 9 -> 10 (full, quiet hours, idle 13717s, foreign -0%)
!! width 10 -> 9 (full, quiet hours, idle 13737s, foreign 5%)
!! width 9 -> 10 (full, quiet hours, idle 13777s, foreign -0%)
!! width 10 -> 9 (full, quiet hours, idle 13817s, foreign 36%)
!! width 9 -> 10 (full, quiet hours, idle 13837s, foreign -0%)
!! width 10 -> 9 (full, quiet hours, idle 13877s, foreign 25%)
!! width 9 -> 10 (full, quiet hours, idle 13977s, foreign -0%)
!! width 10 -> 9 (full, quiet hours, idle 13997s, foreign 54%)
!! width 9 -> 10 (full, quiet hours, idle 14017s, foreign -0%)
!! width 10 -> 9 (full, quiet hours, idle 14057s, foreign 5%)
!! width 9 -> 10 (full, quiet hours, idle 14077s, foreign -0%)
!! width 10 -> 9 (full, quiet hours, idle 14117s, foreign 7%)
!! throttle full -> polite (Foreign(46.800000000000004))
!! width 9 -> 8 (polite, quiet hours, idle 14357s, foreign 146%)
!! width 8 -> 10 (polite, quiet hours, idle 14377s, foreign -0%)
!! width 10 -> 9 (polite, quiet hours, idle 14417s, foreign 5%)
!! width 9 -> 10 (polite, quiet hours, idle 14437s, foreign -0%)
!! throttle polite -> full (Clear)
!! width 10 -> 9 (full, quiet hours, idle 14477s, foreign 12%)
!! width 9 -> 10 (full, quiet hours, idle 14497s, foreign -0%)
!! width 10 -> 9 (full, quiet hours, idle 14537s, foreign 10%)
!! width 9 -> 10 (full, quiet hours, idle 14557s, foreign -0%)
!! width 10 -> 9 (full, quiet hours, idle 14597s, foreign 12%)
!! width 9 -> 10 (full, quiet hours, idle 14617s, foreign -0%)
!! width 10 -> 9 (full, quiet hours, idle 14657s, foreign 5%)
!! width 9 -> 10 (full, quiet hours, idle 14677s, foreign -0%)
!! width 10 -> 9 (full, quiet hours, idle 14717s, foreign 30%)
!! width 9 -> 10 (full, quiet hours, idle 14737s, foreign -0%)
!! width 10 -> 9 (full, quiet hours, idle 14777s, foreign 5%)
!! width 9 -> 10 (full, quiet hours, idle 14797s, foreign -0%)
!! width 10 -> 9 (full, quiet hours, idle 14837s, foreign 5%)
!! width 9 -> 10 (full, quiet hours, idle 14857s, foreign -0%)
   ipc5-metric-time       verdicts: contended 1, rho 105, solved 92, window 2
   ipc5-metric-time       banked  199   200 -> 1
   ipc5-constraints       packed: 28 wide x10 (14.5 GB budget), 0 narrow, 92 solo
!! width 10 -> 9 (full, quiet hours, idle 14877s, foreign 6%)
!! width 9 -> 10 (full, quiet hours, idle 14917s, foreign -0%)
!! width 10 -> 7 (full, quiet hours, idle 14957s, foreign 202%)
!! throttle full -> polite (Foreign(200.3))
!! width 7 -> 8 (polite, quiet hours, idle 15037s, foreign 190%)
!! width 8 -> 9 (polite, quiet hours, idle 15117s, foreign 84%)
!! width 9 -> 8 (polite, quiet hours, idle 15137s, foreign 111%)
!! width 8 -> 9 (polite, quiet hours, idle 15197s, foreign 5%)
!! width 9 -> 10 (polite, quiet hours, idle 15217s, foreign -0%)
!! width 10 -> 9 (polite, quiet hours, idle 15257s, foreign 5%)
!! throttle polite -> full (Clear)
!! width 9 -> 10 (full, quiet hours, idle 15277s, foreign -0%)
!! width 10 -> 9 (full, quiet hours, idle 15297s, foreign 6%)
!! width 9 -> 8 (full, quiet hours, idle 15317s, foreign 113%)
!! width 8 -> 9 (full, quiet hours, idle 15337s, foreign 6%)
!! width 9 -> 10 (full, quiet hours, idle 15397s, foreign -0%)
!! width 10 -> 9 (full, quiet hours, idle 15437s, foreign 5%)
!! width 9 -> 10 (full, quiet hours, idle 15457s, foreign -0%)
!! width 10 -> 9 (full, quiet hours, idle 15477s, foreign 9%)
!! width 9 -> 10 (full, quiet hours, idle 15517s, foreign -0%)
!! width 10 -> 8 (full, quiet hours, idle 15557s, foreign 181%)
!! throttle full -> polite (Foreign(93.6))
!! width 8 -> 9 (polite, quiet hours, idle 15577s, foreign 94%)
!! width 9 -> 10 (polite, quiet hours, idle 15597s, foreign -0%)
!! width 10 -> 8 (polite, quiet hours, idle 15617s, foreign 106%)
!! width 8 -> 9 (polite, quiet hours, idle 15697s, foreign 100%)
!! width 9 -> 8 (polite, quiet hours, idle 15737s, foreign 106%)
!! width 8 -> 9 (polite, quiet hours, idle 15757s, foreign 5%)
!! width 9 -> 10 (polite, quiet hours, idle 15817s, foreign -0%)
!! throttle polite -> full (Clear)
!! width 10 -> 9 (full, quiet hours, idle 15837s, foreign 7%)
!! width 9 -> 10 (full, quiet hours, idle 15877s, foreign -0%)
!! width 10 -> 9 (full, quiet hours, idle 15897s, foreign 9%)
!! width 9 -> 10 (full, quiet hours, idle 15937s, foreign -0%)
!! width 10 -> 9 (full, quiet hours, idle 15957s, foreign 5%)
!! width 9 -> 10 (full, quiet hours, idle 16017s, foreign -0%)
!! width 10 -> 9 (full, quiet hours, idle 16037s, foreign 5%)
!! width 9 -> 10 (full, quiet hours, idle 16057s, foreign -0%)
!! width 10 -> 9 (full, quiet hours, idle 16097s, foreign 5%)
!! width 9 -> 10 (full, quiet hours, idle 16117s, foreign -0%)
!! width 10 -> 9 (full, quiet hours, idle 16137s, foreign 46%)
!! width 9 -> 10 (full, quiet hours, idle 16197s, foreign -0%)
!! width 10 -> 9 (full, quiet hours, idle 16217s, foreign 10%)
!! width 9 -> 10 (full, quiet hours, idle 16257s, foreign -0%)
!! width 10 -> 9 (full, quiet hours, idle 16277s, foreign 11%)
!! width 9 -> 10 (full, quiet hours, idle 16297s, foreign -0%)
!! width 10 -> 9 (full, quiet hours, idle 16337s, foreign 6%)
!! width 9 -> 10 (full, quiet hours, idle 16377s, foreign -0%)
!! width 10 -> 9 (full, quiet hours, idle 16397s, foreign 11%)
!! width 9 -> 10 (full, quiet hours, idle 16477s, foreign -0%)
!! width 10 -> 9 (full, quiet hours, idle 16517s, foreign 11%)
!! width 9 -> 10 (full, quiet hours, idle 16537s, foreign -0%)
!! width 10 -> 9 (full, quiet hours, idle 16577s, foreign 12%)
!! width 9 -> 10 (full, quiet hours, idle 16617s, foreign -0%)
!! width 10 -> 9 (full, quiet hours, idle 16637s, foreign 6%)
!! width 9 -> 10 (full, quiet hours, idle 16657s, foreign -0%)
!! width 10 -> 9 (full, quiet hours, idle 16697s, foreign 5%)
!! width 9 -> 10 (full, quiet hours, idle 16717s, foreign -0%)
!! width 10 -> 9 (full, quiet hours, idle 16757s, foreign 5%)
!! width 9 -> 7 (full, quiet hours, idle 16777s, foreign 223%)
!! width 7 -> 10 (full, quiet hours, idle 16797s, foreign -0%)
!! width 10 -> 9 (full, quiet hours, idle 16817s, foreign 6%)
!! width 9 -> 10 (full, quiet hours, idle 16837s, foreign -0%)
!! width 10 -> 9 (full, quiet hours, idle 16857s, foreign 5%)
!! width 9 -> 10 (full, quiet hours, idle 16897s, foreign -0%)
!! width 10 -> 9 (full, quiet hours, idle 16937s, foreign 5%)
!! width 9 -> 10 (full, quiet hours, idle 16977s, foreign -0%)
!! width 10 -> 9 (full, quiet hours, idle 16997s, foreign 6%)
!! width 9 -> 8 (full, quiet hours, idle 17017s, foreign 127%)
!! width 8 -> 9 (full, quiet hours, idle 17037s, foreign 6%)
!! width 9 -> 10 (full, quiet hours, idle 17077s, foreign -0%)
!! width 10 -> 9 (full, quiet hours, idle 17117s, foreign 7%)
!! width 9 -> 10 (full, quiet hours, idle 17137s, foreign -0%)
!! width 10 -> 9 (full, quiet hours, idle 17177s, foreign 6%)
!! width 9 -> 10 (full, quiet hours, idle 17277s, foreign -0%)
!! width 10 -> 9 (full, quiet hours, idle 17297s, foreign 5%)
!! width 9 -> 10 (full, quiet hours, idle 17317s, foreign -0%)
!! width 10 -> 9 (full, quiet hours, idle 17357s, foreign 13%)
!! width 9 -> 10 (full, quiet hours, idle 17437s, foreign -0%)
!! width 10 -> 8 (full, quiet hours, idle 17477s, foreign 123%)
!! width 8 -> 10 (full, quiet hours, idle 17497s, foreign -0%)
!! width 10 -> 9 (full, quiet hours, idle 17537s, foreign 6%)
!! width 9 -> 10 (full, quiet hours, idle 17557s, foreign -0%)
!! width 10 -> 9 (full, quiet hours, idle 17577s, foreign 6%)
!! width 9 -> 10 (full, quiet hours, idle 17637s, foreign -0%)
!! width 10 -> 6 (full, quiet hours, idle 17657s, foreign 397%)
!! width 6 -> 7 (full, quiet hours, idle 17677s, foreign 275%)
!! throttle full -> polite (Foreign(26.0))
!! width 7 -> 9 (polite, quiet hours, idle 17697s, foreign 26%)
!! width 9 -> 8 (polite, quiet hours, idle 17737s, foreign 158%)
!! width 8 -> 9 (polite, quiet hours, idle 17757s, foreign 42%)
!! width 9 -> 10 (polite, quiet hours, idle 17857s, foreign -0%)
!! width 10 -> 9 (polite, quiet hours, idle 17877s, foreign 5%)
!! throttle polite -> full (Clear)
!! width 9 -> 8 (full, quiet hours, idle 18037s, foreign 164%)
!! width 8 -> 9 (full, quiet hours, idle 18057s, foreign 6%)
!! width 9 -> 10 (full, quiet hours, idle 18097s, foreign -0%)
!! width 10 -> 9 (full, quiet hours, idle 18137s, foreign 6%)
!! width 9 -> 10 (full, quiet hours, idle 18157s, foreign -0%)
!! width 10 -> 9 (full, quiet hours, idle 18177s, foreign 20%)
!! width 9 -> 10 (full, quiet hours, idle 18217s, foreign -0%)
!! width 10 -> 9 (full, quiet hours, idle 18257s, foreign 5%)
!! width 9 -> 10 (full, quiet hours, idle 18277s, foreign -0%)
!! width 10 -> 9 (full, quiet hours, idle 18317s, foreign 26%)
!! width 9 -> 10 (full, quiet hours, idle 18337s, foreign -0%)
!! width 10 -> 9 (full, quiet hours, idle 18377s, foreign 36%)
   ipc5-constraints       verdicts: contended 9, rho 65, solved 28, swap 1, window 17
   ipc5-constraints       banked  110   120 -> 10
   ipc5-simple-pref       packed: 57 wide x10 (14.5 GB budget), 25 narrow, 48 solo
!! width 9 -> 10 (full, quiet hours, idle 18417s, foreign -0%)
!! width 10 -> 9 (full, quiet hours, idle 18497s, foreign 5%)
!! width 9 -> 10 (full, quiet hours, idle 18517s, foreign -0%)
!! width 10 -> 9 (full, quiet hours, idle 18537s, foreign 47%)
!! width 9 -> 10 (full, quiet hours, idle 18577s, foreign -0%)
!! width 10 -> 9 (full, quiet hours, idle 18617s, foreign 28%)
!! width 9 -> 10 (full, quiet hours, idle 18637s, foreign -0%)
!! width 10 -> 9 (full, quiet hours, idle 18657s, foreign 5%)
!! width 9 -> 10 (full, quiet hours, idle 18697s, foreign -0%)
!! width 10 -> 9 (full, quiet hours, idle 18737s, foreign 5%)
!! width 9 -> 10 (full, quiet hours, idle 18757s, foreign -0%)
!! width 10 -> 9 (full, quiet hours, idle 18777s, foreign 5%)
!! width 9 -> 10 (full, quiet hours, idle 18817s, foreign -0%)
!! width 10 -> 9 (full, quiet hours, idle 18837s, foreign 6%)
!! width 9 -> 10 (full, quiet hours, idle 18877s, foreign -0%)
!! width 10 -> 8 (full, quiet hours, idle 18917s, foreign 107%)
!! width 8 -> 10 (full, quiet hours, idle 18937s, foreign -0%)
!! width 10 -> 9 (full, quiet hours, idle 18977s, foreign 6%)
!! width 9 -> 10 (full, quiet hours, idle 18997s, foreign -0%)
!! width 10 -> 9 (full, quiet hours, idle 19037s, foreign 62%)
!! width 9 -> 10 (full, quiet hours, idle 19057s, foreign -0%)
!! width 10 -> 9 (full, quiet hours, idle 19097s, foreign 13%)
!! width 9 -> 10 (full, quiet hours, idle 19137s, foreign -0%)
!! width 10 -> 9 (full, quiet hours, idle 19157s, foreign 5%)
!! width 9 -> 10 (full, quiet hours, idle 19177s, foreign -0%)
!! width 10 -> 9 (full, quiet hours, idle 19217s, foreign 6%)
!! width 9 -> 10 (full, quiet hours, idle 19237s, foreign -0%)
!! width 10 -> 9 (full, quiet hours, idle 19277s, foreign 6%)
!! width 9 -> 10 (full, quiet hours, idle 19297s, foreign -0%)
!! width 10 -> 9 (full, quiet hours, idle 19337s, foreign 81%)
!! width 9 -> 10 (full, quiet hours, idle 19377s, foreign -0%)
!! width 10 -> 9 (full, quiet hours, idle 19397s, foreign 5%)
!! width 9 -> 10 (full, quiet hours, idle 19477s, foreign -0%)
!! width 10 -> 9 (full, quiet hours, idle 19517s, foreign 7%)
!! width 9 -> 10 (full, quiet hours, idle 19537s, foreign -0%)
!! width 10 -> 9 (full, quiet hours, idle 19577s, foreign 93%)
!! width 9 -> 10 (full, quiet hours, idle 19597s, foreign -0%)
!! width 10 -> 9 (full, quiet hours, idle 19637s, foreign 91%)
!! width 9 -> 10 (full, quiet hours, idle 19657s, foreign -0%)
!! width 10 -> 9 (full, quiet hours, idle 19697s, foreign 5%)
!! width 9 -> 10 (full, quiet hours, idle 19717s, foreign -0%)
!! width 10 -> 9 (full, quiet hours, idle 19737s, foreign 60%)
!! width 9 -> 10 (full, quiet hours, idle 19777s, foreign -0%)
!! width 10 -> 9 (full, quiet hours, idle 19817s, foreign 6%)
!! width 9 -> 10 (full, quiet hours, idle 19837s, foreign -0%)
!! width 10 -> 9 (full, quiet hours, idle 19857s, foreign 6%)
!! width 9 -> 10 (full, quiet hours, idle 19897s, foreign -0%)
!! width 10 -> 9 (full, quiet hours, idle 19937s, foreign 10%)
!! width 9 -> 10 (full, quiet hours, idle 19957s, foreign -0%)
!! width 10 -> 9 (full, quiet hours, idle 19977s, foreign 8%)
!! width 9 -> 10 (full, quiet hours, idle 20017s, foreign -0%)
!! width 10 -> 8 (full, quiet hours, idle 20037s, foreign 107%)
!! width 8 -> 9 (full, quiet hours, idle 20057s, foreign 11%)
!! width 9 -> 10 (full, quiet hours, idle 20077s, foreign -0%)
!! width 10 -> 9 (full, quiet hours, idle 20097s, foreign 6%)
!! width 9 -> 10 (full, quiet hours, idle 20137s, foreign -0%)
!! width 10 -> 9 (full, quiet hours, idle 20177s, foreign 6%)
!! width 9 -> 10 (full, quiet hours, idle 20197s, foreign -0%)
!! width 10 -> 9 (full, quiet hours, idle 20237s, foreign 5%)
!! width 9 -> 10 (full, quiet hours, idle 20277s, foreign -0%)
!! width 10 -> 9 (full, quiet hours, idle 20357s, foreign 52%)
!! width 9 -> 10 (full, quiet hours, idle 20377s, foreign -0%)
!! width 10 -> 9 (full, quiet hours, idle 20417s, foreign 12%)
!! width 9 -> 10 (full, quiet hours, idle 20437s, foreign -0%)
!! width 10 -> 9 (full, quiet hours, idle 20457s, foreign 6%)
!! width 9 -> 10 (full, quiet hours, idle 20497s, foreign -0%)
!! width 10 -> 9 (full, quiet hours, idle 20537s, foreign 5%)
!! width 9 -> 10 (full, quiet hours, idle 20557s, foreign -0%)
!! width 10 -> 9 (full, quiet hours, idle 20597s, foreign 5%)
!! width 9 -> 10 (full, quiet hours, idle 20637s, foreign -0%)
!! width 10 -> 9 (full, quiet hours, idle 20657s, foreign 28%)
!! width 9 -> 10 (full, quiet hours, idle 20677s, foreign -0%)
!! width 10 -> 9 (full, quiet hours, idle 20717s, foreign 7%)
!! width 9 -> 10 (full, quiet hours, idle 20737s, foreign -0%)
!! width 10 -> 9 (full, quiet hours, idle 20777s, foreign 5%)
!! width 9 -> 10 (full, quiet hours, idle 20797s, foreign -0%)
!! width 10 -> 9 (full, quiet hours, idle 20817s, foreign 6%)
!! width 9 -> 10 (full, quiet hours, idle 20857s, foreign -0%)
!! width 10 -> 9 (full, quiet hours, idle 20897s, foreign 5%)
!! width 9 -> 10 (full, quiet hours, idle 20917s, foreign -0%)
!! width 10 -> 9 (full, quiet hours, idle 20937s, foreign 5%)
!! width 9 -> 10 (full, quiet hours, idle 20997s, foreign -0%)
!! width 10 -> 9 (full, quiet hours, idle 21017s, foreign 37%)
!! width 9 -> 10 (full, quiet hours, idle 21057s, foreign -0%)
!! width 10 -> 9 (full, quiet hours, idle 21077s, foreign 5%)
!! width 9 -> 10 (full, quiet hours, idle 21237s, foreign -0%)
!! width 10 -> 9 (full, quiet hours, idle 21257s, foreign 15%)
!! width 9 -> 10 (full, quiet hours, idle 21277s, foreign -0%)
!! width 10 -> 9 (full, quiet hours, idle 21297s, foreign 5%)
!! throttle full -> polite (Foreign(25.1))
!! width 9 -> 10 (polite, quiet hours, idle 21517s, foreign -0%)
!! width 10 -> 9 (polite, quiet hours, idle 21537s, foreign 36%)
!! width 9 -> 10 (polite, quiet hours, idle 21577s, foreign -0%)
!! width 10 -> 9 (polite, quiet hours, idle 21597s, foreign 6%)
!! throttle polite -> full (Clear)
!! width 9 -> 10 (full, quiet hours, idle 21657s, foreign -0%)
   ipc5-simple-pref       verdicts: packed 1, solved 129, suspect 1
   ipc5-simple-pref       banked  129   130 -> 1
   ipc5-qual-pref         packed: 13 wide x10 (14.5 GB budget), 6 narrow, 81 solo
!! width 10 -> 9 (full, quiet hours, idle 21737s, foreign 5%)
!! width 9 -> 10 (full, quiet hours, idle 21757s, foreign -0%)
!! width 10 -> 9 (full, quiet hours, idle 21797s, foreign 5%)
!! width 9 -> 10 (full, quiet hours, idle 21817s, foreign -0%)
!! width 10 -> 9 (full, quiet hours, idle 21857s, foreign 5%)
!! width 9 -> 10 (full, quiet hours, idle 21897s, foreign -0%)
!! width 10 -> 9 (full, quiet hours, idle 21917s, foreign 12%)
!! width 9 -> 10 (full, quiet hours, idle 21937s, foreign -0%)
!! width 10 -> 9 (full, quiet hours, idle 21977s, foreign 5%)
!! width 9 -> 10 (full, quiet hours, idle 21997s, foreign -0%)
!! width 10 -> 9 (full, quiet hours, idle 22037s, foreign 5%)
!! width 9 -> 10 (full, quiet hours, idle 22117s, foreign -0%)
!! width 10 -> 9 (full, quiet hours, idle 22217s, foreign 5%)
!! width 9 -> 10 (full, quiet hours, idle 22257s, foreign -0%)
!! width 10 -> 9 (full, quiet hours, idle 22277s, foreign 5%)
!! width 9 -> 10 (full, quiet hours, idle 22297s, foreign -0%)
!! width 10 -> 9 (full, quiet hours, idle 22337s, foreign 5%)
!! width 9 -> 10 (full, quiet hours, idle 22357s, foreign -0%)
!! width 10 -> 9 (full, quiet hours, idle 22397s, foreign 6%)
!! width 9 -> 10 (full, quiet hours, idle 22417s, foreign -0%)
!! width 10 -> 9 (full, quiet hours, idle 22457s, foreign 5%)
!! width 9 -> 10 (full, quiet hours, idle 22477s, foreign -0%)
!! width 10 -> 8 (full, quiet hours, idle 22517s, foreign 106%)
!! width 8 -> 9 (full, quiet hours, idle 22537s, foreign 13%)
!! width 9 -> 10 (full, quiet hours, idle 22597s, foreign -0%)
!! width 10 -> 9 (full, quiet hours, idle 22617s, foreign 9%)
!! width 9 -> 10 (full, quiet hours, idle 22657s, foreign -0%)
!! width 10 -> 9 (full, quiet hours, idle 22717s, foreign 20%)
!! width 9 -> 8 (full, quiet hours, idle 22757s, foreign 106%)
!! throttle full -> polite (Foreign(268.1))
!! width 8 -> 7 (polite, quiet hours, idle 22777s, foreign 268%)
!! width 7 -> 9 (polite, quiet hours, idle 22797s, foreign 100%)
!! width 9 -> 8 (polite, quiet hours, idle 22817s, foreign 106%)
!! width 8 -> 9 (polite, quiet hours, idle 22857s, foreign 100%)
!! width 9 -> 8 (polite, quiet hours, idle 22877s, foreign 112%)
!! width 8 -> 7 (polite, quiet hours, idle 22897s, foreign 206%)
!! width 7 -> 8 (polite, quiet hours, idle 22917s, foreign 126%)
!! width 8 -> 9 (polite, quiet hours, idle 22977s, foreign 100%)
!! width 9 -> 7 (polite, quiet hours, idle 22997s, foreign 217%)
!! width 7 -> 9 (polite, quiet hours, idle 23017s, foreign 100%)
!! width 9 -> 8 (polite, quiet hours, idle 23057s, foreign 106%)
!! width 8 -> 6 (polite, quiet hours, idle 23077s, foreign 324%)
!! width 6 -> 7 (polite, quiet hours, idle 23097s, foreign 240%)
!! width 7 -> 8 (polite, quiet hours, idle 23117s, foreign 108%)
!! width 8 -> 9 (polite, quiet hours, idle 23137s, foreign 100%)
!! width 9 -> 8 (polite, quiet hours, idle 23177s, foreign 114%)
!! width 8 -> 9 (polite, quiet hours, idle 23197s, foreign 100%)
!! width 9 -> 8 (polite, quiet hours, idle 23237s, foreign 106%)
!! width 8 -> 9 (polite, quiet hours, idle 23277s, foreign 100%)
!! width 9 -> 8 (polite, quiet hours, idle 23297s, foreign 106%)
!! width 8 -> 7 (polite, quiet hours, idle 23377s, foreign 241%)
!! width 7 -> 9 (polite, quiet hours, idle 23397s, foreign 100%)
!! width 9 -> 8 (polite, quiet hours, idle 23417s, foreign 106%)
!! width 8 -> 9 (polite, quiet hours, idle 23437s, foreign 100%)
!! width 9 -> 8 (polite, quiet hours, idle 23477s, foreign 113%)
!! width 8 -> 7 (polite, quiet hours, idle 23557s, foreign 206%)
!! width 7 -> 9 (polite, quiet hours, idle 23577s, foreign 100%)
!! width 9 -> 8 (polite, quiet hours, idle 23597s, foreign 106%)
!! width 8 -> 9 (polite, quiet hours, idle 23737s, foreign 100%)
!! width 9 -> 8 (polite, quiet hours, idle 23757s, foreign 106%)
!! width 8 -> 9 (polite, quiet hours, idle 23797s, foreign 100%)
!! width 9 -> 8 (polite, quiet hours, idle 23837s, foreign 106%)
!! width 8 -> 9 (polite, quiet hours, idle 23857s, foreign 100%)
!! width 9 -> 8 (polite, quiet hours, idle 23897s, foreign 114%)
!! width 8 -> 9 (polite, quiet hours, idle 23917s, foreign 99%)
!! width 9 -> 8 (polite, quiet hours, idle 23957s, foreign 106%)
!! width 8 -> 9 (polite, quiet hours, idle 23997s, foreign 38%)
!! width 9 -> 8 (polite, quiet hours, idle 24017s, foreign 171%)
!! width 8 -> 9 (polite, quiet hours, idle 24037s, foreign 99%)
!! width 9 -> 8 (polite, quiet hours, idle 24137s, foreign 104%)
!! width 8 -> 9 (polite, quiet hours, idle 24157s, foreign 82%)
!! width 9 -> 8 (polite, quiet hours, idle 24257s, foreign 106%)
!! width 8 -> 9 (polite, quiet hours, idle 24277s, foreign 100%)
!! width 9 -> 7 (polite, quiet hours, idle 24297s, foreign 201%)
!! width 7 -> 9 (polite, quiet hours, idle 24337s, foreign 100%)
!! width 9 -> 8 (polite, quiet hours, idle 24357s, foreign 107%)
!! width 8 -> 9 (polite, quiet hours, idle 24397s, foreign 100%)
!! width 9 -> 8 (polite, quiet hours, idle 24437s, foreign 106%)
!! width 8 -> 9 (polite, quiet hours, idle 24457s, foreign 100%)
!! width 9 -> 8 (polite, quiet hours, idle 24497s, foreign 106%)
!! width 8 -> 9 (polite, quiet hours, idle 24517s, foreign 99%)
!! width 9 -> 8 (polite, quiet hours, idle 24537s, foreign 106%)
!! width 8 -> 9 (polite, quiet hours, idle 24577s, foreign 100%)
!! width 9 -> 8 (polite, quiet hours, idle 24617s, foreign 106%)
!! width 8 -> 9 (polite, quiet hours, idle 24657s, foreign 100%)
!! width 9 -> 8 (polite, quiet hours, idle 24677s, foreign 113%)
!! width 8 -> 9 (polite, quiet hours, idle 24717s, foreign 100%)
!! width 9 -> 8 (polite, quiet hours, idle 24737s, foreign 112%)
!! width 8 -> 7 (polite, quiet hours, idle 24797s, foreign 215%)
!! width 7 -> 9 (polite, quiet hours, idle 24817s, foreign 100%)
!! width 9 -> 8 (polite, quiet hours, idle 24857s, foreign 106%)
!! width 8 -> 9 (polite, quiet hours, idle 24877s, foreign 100%)
!! width 9 -> 8 (polite, quiet hours, idle 24917s, foreign 108%)
!! width 8 -> 7 (polite, quiet hours, idle 25097s, foreign 222%)
!! width 7 -> 4 (polite, quiet hours, idle 25137s, foreign 526%)
!! width 4 -> 7 (polite, quiet hours, idle 25157s, foreign 212%)
!! width 7 -> 9 (polite, quiet hours, idle 25197s, foreign 100%)
!! width 9 -> 8 (polite, quiet hours, idle 25217s, foreign 106%)
!! width 8 -> 9 (polite, quiet hours, idle 25237s, foreign 100%)
!! width 9 -> 7 (polite, quiet hours, idle 25257s, foreign 265%)
!! width 7 -> 8 (polite, quiet hours, idle 25277s, foreign 106%)
!! width 8 -> 9 (polite, quiet hours, idle 25297s, foreign 100%)
!! width 9 -> 8 (polite, quiet hours, idle 25337s, foreign 106%)
!! width 8 -> 9 (polite, quiet hours, idle 25357s, foreign 100%)
!! width 9 -> 8 (polite, quiet hours, idle 25397s, foreign 111%)
!! width 8 -> 9 (polite, quiet hours, idle 25417s, foreign 57%)
!! width 9 -> 8 (polite, quiet hours, idle 25457s, foreign 104%)
!! width 8 -> 9 (polite, quiet hours, idle 25477s, foreign 99%)
!! width 9 -> 8 (polite, quiet hours, idle 25517s, foreign 108%)
!! width 8 -> 6 (polite, quiet hours, idle 25577s, foreign 363%)
!! width 6 -> 8 (polite, quiet hours, idle 25597s, foreign 106%)
!! width 8 -> 9 (polite, quiet hours, idle 25617s, foreign 100%)
!! width 9 -> 8 (polite, quiet hours, idle 25637s, foreign 106%)
!! width 8 -> 9 (polite, quiet hours, idle 25677s, foreign 99%)
!! width 9 -> 8 (polite, quiet hours, idle 25697s, foreign 111%)
!! width 8 -> 9 (polite, quiet hours, idle 25717s, foreign 100%)
!! width 9 -> 8 (polite, quiet hours, idle 25757s, foreign 106%)
!! width 8 -> 9 (polite, quiet hours, idle 25777s, foreign 100%)
!! width 9 -> 8 (polite, quiet hours, idle 25817s, foreign 107%)
!! width 8 -> 9 (polite, quiet hours, idle 25837s, foreign 100%)
!! width 9 -> 8 (polite, quiet hours, idle 25857s, foreign 100%)
!! width 8 -> 7 (polite, quiet hours, idle 25877s, foreign 205%)
!! width 7 -> 8 (polite, quiet hours, idle 25897s, foreign 106%)
!! width 8 -> 9 (polite, quiet hours, idle 25917s, foreign 100%)
!! width 9 -> 8 (polite, quiet hours, idle 25937s, foreign 106%)
!! width 8 -> 9 (polite, quiet hours, idle 25957s, foreign 100%)
   ipc5-qual-pref         verdicts: contended 4, rho 1, solved 95
   ipc5-qual-pref         banked   96   100 -> 4
   ipc5-complex-pref      packed: 9 wide x10 (14.5 GB budget), 3 narrow, 96 solo
!! width 9 -> 8 (polite, quiet hours, idle 25997s, foreign 106%)
!! width 8 -> 9 (polite, quiet hours, idle 26037s, foreign 100%)
!! width 9 -> 8 (polite, quiet hours, idle 26057s, foreign 106%)
!! width 8 -> 9 (polite, quiet hours, idle 26077s, foreign 100%)
!! width 9 -> 8 (polite, quiet hours, idle 26097s, foreign 200%)
!! width 8 -> 9 (polite, quiet hours, idle 26137s, foreign 100%)
!! width 9 -> 8 (polite, quiet hours, idle 26177s, foreign 106%)
!! width 8 -> 9 (polite, quiet hours, idle 26197s, foreign 100%)
!! width 9 -> 7 (polite, quiet hours, idle 26217s, foreign 240%)
!! width 7 -> 8 (polite, quiet hours, idle 26237s, foreign 106%)
!! width 8 -> 9 (polite, quiet hours, idle 26257s, foreign 100%)
!! width 9 -> 8 (polite, quiet hours, idle 26297s, foreign 106%)
!! width 8 -> 9 (polite, quiet hours, idle 26317s, foreign 100%)
!! width 9 -> 10 (polite, quiet hours, idle 26377s, foreign -0%)
!! throttle polite -> full (Clear)
!! width 10 -> 9 (full, quiet hours, idle 26417s, foreign 5%)
!! width 9 -> 10 (full, quiet hours, idle 26437s, foreign -0%)
!! width 10 -> 8 (full, quiet hours, idle 26457s, foreign 106%)
!! throttle full -> polite (Foreign(100.0))
!! width 8 -> 9 (polite, quiet hours, idle 26497s, foreign 100%)
!! width 9 -> 8 (polite, quiet hours, idle 26537s, foreign 111%)
!! width 8 -> 9 (polite, quiet hours, idle 26557s, foreign 100%)
!! width 9 -> 8 (polite, quiet hours, idle 26597s, foreign 105%)
!! width 8 -> 9 (polite, quiet hours, idle 26617s, foreign 100%)
!! width 9 -> 7 (polite, quiet hours, idle 26657s, foreign 221%)
!! width 7 -> 9 (polite, quiet hours, idle 26677s, foreign 100%)
!! width 9 -> 8 (polite, quiet hours, idle 26697s, foreign 107%)
!! width 8 -> 9 (polite, quiet hours, idle 26757s, foreign 99%)
!! width 9 -> 8 (polite, quiet hours, idle 26777s, foreign 105%)
!! width 8 -> 9 (polite, quiet hours, idle 26817s, foreign 100%)
!! width 9 -> 8 (polite, quiet hours, idle 26837s, foreign 105%)
!! width 8 -> 9 (polite, quiet hours, idle 26857s, foreign 100%)
!! width 9 -> 8 (polite, quiet hours, idle 26897s, foreign 105%)
!! width 8 -> 9 (polite, quiet hours, idle 26917s, foreign 100%)
!! width 9 -> 8 (polite, quiet hours, idle 26937s, foreign 162%)
!! width 8 -> 9 (polite, quiet hours, idle 27037s, foreign 100%)
!! width 9 -> 8 (polite, quiet hours, idle 27057s, foreign 114%)
!! width 8 -> 9 (polite, quiet hours, idle 27097s, foreign 100%)
!! width 9 -> 8 (polite, quiet hours, idle 27137s, foreign 106%)
!! width 8 -> 9 (polite, quiet hours, idle 27157s, foreign 100%)
!! width 9 -> 8 (polite, quiet hours, idle 27197s, foreign 106%)
!! width 8 -> 9 (polite, quiet hours, idle 27217s, foreign 100%)
!! width 9 -> 8 (polite, quiet hours, idle 27237s, foreign 122%)
!! width 8 -> 7 (polite, quiet hours, idle 27277s, foreign 218%)
!! width 7 -> 8 (polite, quiet hours, idle 27317s, foreign 137%)
!! width 8 -> 9 (polite, quiet hours, idle 27337s, foreign 100%)
!! width 9 -> 8 (polite, quiet hours, idle 27377s, foreign 106%)
!! width 8 -> 9 (polite, quiet hours, idle 27397s, foreign 100%)
!! width 9 -> 8 (polite, quiet hours, idle 27417s, foreign 108%)
!! width 8 -> 9 (polite, quiet hours, idle 27477s, foreign 100%)
!! width 9 -> 7 (polite, quiet hours, idle 27497s, foreign 243%)
!! width 7 -> 8 (polite, quiet hours, idle 27537s, foreign 106%)
!! width 8 -> 9 (polite, quiet hours, idle 27577s, foreign 100%)
!! width 9 -> 8 (polite, quiet hours, idle 27617s, foreign 106%)
!! width 8 -> 9 (polite, quiet hours, idle 27637s, foreign 100%)
!! width 9 -> 8 (polite, quiet hours, idle 27697s, foreign 108%)
!! width 8 -> 9 (polite, quiet hours, idle 27717s, foreign 100%)
!! width 9 -> 8 (polite, quiet hours, idle 27737s, foreign 106%)
!! width 8 -> 9 (polite, quiet hours, idle 27757s, foreign 100%)
!! width 9 -> 8 (polite, quiet hours, idle 27797s, foreign 124%)
!! width 8 -> 9 (polite, quiet hours, idle 27817s, foreign 100%)
!! width 9 -> 8 (polite, quiet hours, idle 27897s, foreign 112%)
!! width 8 -> 9 (polite, quiet hours, idle 27937s, foreign 100%)
!! width 9 -> 8 (polite, quiet hours, idle 27957s, foreign 106%)
!! width 8 -> 9 (polite, quiet hours, idle 27997s, foreign 100%)
!! width 9 -> 8 (polite, quiet hours, idle 28037s, foreign 126%)
!! width 8 -> 9 (polite, quiet hours, idle 28057s, foreign 100%)
!! width 9 -> 8 (polite, quiet hours, idle 28097s, foreign 106%)
!! width 8 -> 9 (polite, quiet hours, idle 28117s, foreign 100%)
!! width 9 -> 8 (polite, quiet hours, idle 28157s, foreign 106%)
!! width 8 -> 9 (polite, quiet hours, idle 28177s, foreign 100%)
!! width 9 -> 8 (polite, quiet hours, idle 28217s, foreign 111%)
!! width 8 -> 9 (polite, quiet hours, idle 28317s, foreign 100%)
!! width 9 -> 8 (polite, quiet hours, idle 28337s, foreign 106%)
!! width 8 -> 9 (polite, quiet hours, idle 28377s, foreign 100%)
!! width 9 -> 8 (polite, quiet hours, idle 28397s, foreign 105%)
!! width 8 -> 9 (polite, quiet hours, idle 28417s, foreign 99%)
!! width 9 -> 8 (polite, quiet hours, idle 28457s, foreign 106%)
!! width 8 -> 9 (polite, quiet hours, idle 28477s, foreign 100%)
!! width 9 -> 8 (polite, quiet hours, idle 28517s, foreign 192%)
!! width 8 -> 9 (polite, quiet hours, idle 28557s, foreign 100%)
!! width 9 -> 8 (polite, quiet hours, idle 28577s, foreign 120%)
!! width 8 -> 9 (polite, quiet hours, idle 28837s, foreign 100%)
!! width 9 -> 8 (polite, quiet hours, idle 28877s, foreign 105%)
!! width 8 -> 9 (polite, quiet hours, idle 28897s, foreign 100%)
!! width 9 -> 8 (polite, quiet hours, idle 28937s, foreign 126%)
!! width 8 -> 9 (polite, quiet hours, idle 28957s, foreign 100%)
!! width 9 -> 8 (polite, quiet hours, idle 28997s, foreign 121%)
!! width 8 -> 9 (polite, quiet hours, idle 29077s, foreign 100%)
!! width 9 -> 8 (polite, quiet hours, idle 29117s, foreign 114%)
!! width 8 -> 9 (polite, quiet hours, idle 29217s, foreign 100%)
!! width 9 -> 8 (polite, quiet hours, idle 29237s, foreign 106%)
!! width 8 -> 9 (polite, quiet hours, idle 29257s, foreign 100%)
!! width 9 -> 8 (polite, quiet hours, idle 29297s, foreign 105%)
!! width 8 -> 9 (polite, quiet hours, idle 29317s, foreign 100%)
!! width 9 -> 8 (polite, quiet hours, idle 29337s, foreign 105%)
!! width 8 -> 7 (polite, quiet hours, idle 29397s, foreign 233%)
!! width 7 -> 8 (polite, quiet hours, idle 29417s, foreign 145%)
!! width 8 -> 9 (polite, quiet hours, idle 29437s, foreign 100%)
!! width 9 -> 8 (polite, quiet hours, idle 29477s, foreign 106%)
!! width 8 -> 9 (polite, quiet hours, idle 29497s, foreign 100%)
!! width 9 -> 8 (polite, quiet hours, idle 29537s, foreign 126%)
!! width 8 -> 9 (polite, quiet hours, idle 29577s, foreign 100%)
!! width 9 -> 8 (polite, quiet hours, idle 29597s, foreign 111%)
!! width 8 -> 9 (polite, quiet hours, idle 29617s, foreign 97%)
!! width 9 -> 7 (polite, quiet hours, idle 29637s, foreign 203%)
!! width 7 -> 8 (polite, quiet hours, idle 29658s, foreign 199%)
!! width 8 -> 7 (polite, quiet hours, idle 29697s, foreign 223%)
!! width 7 -> 8 (polite, quiet hours, idle 29717s, foreign 113%)
!! width 8 -> 9 (polite, quiet hours, idle 29817s, foreign 100%)
!! width 9 -> 8 (polite, quiet hours, idle 29837s, foreign 106%)
!! width 8 -> 9 (polite, quiet hours, idle 29877s, foreign 100%)
!! width 9 -> 8 (polite, quiet hours, idle 29897s, foreign 106%)
   ipc5-complex-pref      verdicts: contended 16, rho 15, solved 76, swap 1
   ipc5-complex-pref      banked   91   108 -> 17
== pass 2 -- 5 board(s) outstanding
!! width 8 -> 9 (polite, quiet hours, idle 29917s, foreign 92%)
   ipc5-metric-time       verdicts: rho 1
   ipc5-metric-time       banked    1   1 -> 0
!! width 9 -> 8 (polite, quiet hours, idle 29957s, foreign 192%)
!! width 8 -> 9 (polite, quiet hours, idle 29977s, foreign 99%)
   ipc5-simple-pref       verdicts: rho 1
   ipc5-simple-pref       banked    1   1 -> 0
   ipc5-qual-pref         verdicts: contended 4
   ipc5-qual-pref         banked    0   4 -> 4   [DEGRADED -- not banked, work owed]
!! width 9 -> 8 (polite, quiet hours, idle 30017s, foreign 139%)
!! width 8 -> 7 (polite, quiet hours, idle 30037s, foreign 217%)
!! width 7 -> 8 (polite, quiet hours, idle 30057s, foreign 176%)
!! width 8 -> 9 (polite, quiet hours, idle 30077s, foreign 5%)
   ipc5-constraints       verdicts: contended 7, swap 1, window 2
   ipc5-constraints       banked    2   10 -> 8
!! width 9 -> 10 (polite, quiet hours, idle 30157s, foreign -0%)
   ipc5-complex-pref      verdicts: contended 7, rho 2, window 8
   ipc5-complex-pref      banked   10   17 -> 7
== pass 3 -- 3 board(s) outstanding
   ipc5-qual-pref         verdicts: window 4
   ipc5-qual-pref         banked    4   4 -> 0
!! width 10 -> 9 (polite, quiet hours, idle 30197s, foreign 100%)
   ipc5-complex-pref      verdicts: contended 5, uncovered 1, window 1
   ipc5-complex-pref      banked    1   7 -> 6
   ipc5-constraints       verdicts: contended 1, window 7
   ipc5-constraints       banked    7   8 -> 1
== pass 4 -- 2 board(s) outstanding
   ipc5-constraints       verdicts: window 1
   ipc5-constraints       banked    1   1 -> 0
   ipc5-complex-pref      verdicts: window 6
   ipc5-complex-pref      banked    6   6 -> 0
SWEEP COMPLETE -- 788 banked in 4 pass(es)
