corpus: /Users/harold/ferroplan/benchmarks/.ipc-corpus
VAL: /Users/harold/ferroplan/benchmarks/.val/VAL/build/bin/Validate
timeout 60s, jobs 2, mode optimal
using external binary: /Users/harold/ferroplan-backfill-0.19.0/target/release/ff
ipc-2008/elevator-sequential-optimal-strips: 9/30 solved, cost 434, 53.0s solve-time, val 9/9
ipc-2008/openstacks-sequential-optimal-adl: 16/30 solved, cost 53, 109.9s solve-time, val 16/16
ipc-2008/openstacks-sequential-optimal-strips: 16/30 solved, cost 53, 95.7s solve-time, val 16/16
ipc-2008/parc-printer-sequential-optimal-strips: 14/30 solved, cost 9146341, 72.4s solve-time, val 14/14
ipc-2008/peg-solitaire-sequential-optimal-strips: 27/30 solved, cost 176, 42.8s solve-time, val 27/27
ipc-2008/scanalyzer-3d-sequential-optimal-strips: 6/30 solved, cost 105, 1.0s solve-time, val 6/6
ipc-2008/sokoban-sequential-optimal-strips: 22/30 solved, cost 605, 161.8s solve-time, val 22/22
ipc-2008/transport-sequential-optimal-strips: 11/30 solved, cost 4707, 27.8s solve-time, val 11/11
ipc-2008/woodworking-sequential-optimal-strips: 8/30 solved, cost 1400, 51.8s solve-time, val 8/8
ipc-2011/barman-sequential-optimal: 4/20 solved, cost 360, 54.7s solve-time, val 4/4
ipc-2011/elevator-sequential-optimal: 7/20 solved, cost 366, 55.3s solve-time, val 7/7
ipc-2011/floor-tile-sequential-optimal: 2/20 solved, cost 101, 43.5s solve-time, val 2/2
ipc-2011/no-mystery-sequential-optimal: 8/20 solved, cost 119, 54.1s solve-time, val 8/8
ipc-2011/openstacks-sequential-optimal: 11/20 solved, cost 40, 97.8s solve-time, val 11/11
ipc-2011/parc-printer-sequential-optimal: 10/20 solved, cost 7843999, 73.4s solve-time, val 10/10
ipc-2011/parking-sequential-optimal: 0/20 solved, cost 0, 0.0s solve-time, val 0/0
ipc-2011/peg-solitaire-sequential-optimal: 17/20 solved, cost 136, 44.9s solve-time, val 17/17
ipc-2011/scanalyzer-3d-sequential-optimal: 3/20 solved, cost 61, 0.5s solve-time, val 3/3
ipc-2011/sokoban-sequential-optimal: 18/20 solved, cost 525, 134.8s solve-time, val 18/18
ipc-2011/tidybot-sequential-optimal: 8/20 solved, cost 186, 97.9s solve-time, val 8/8
ipc-2011/transport-sequential-optimal: 6/20 solved, cost 2956, 27.8s solve-time, val 6/6
ipc-2011/visit-all-sequential-optimal: 9/20 solved, cost 109, 32.1s solve-time, val 9/9
ipc-2011/woodworking-sequential-optimal: 3/20 solved, cost 635, 50.3s solve-time, val 3/3

wrote benchmarks/air-0.19.0/ipc-opt-2008-11.md (raw: benchmarks/air-0.19.0/ipc-opt-2008-11.jsonl) — total coverage 235/550
