corpus: /Users/harold/ferroplan/benchmarks/.ipc-corpus
VAL: /Users/harold/ferroplan/benchmarks/.val/VAL/build/bin/Validate
timeout 60s, jobs 2, mode auto
using external binary: /Users/harold/ferroplan-backfill-0.19.0/target/release/ff
ipc-2008/cyber-security-sequential-satisficing-strips: 30/30 solved, cost 13438, 293.8s solve-time, val 30/30
ipc-2008/elevator-sequential-satisficing-strips: 30/30 solved, cost 19843, 124.8s solve-time, val 30/30
ipc-2008/openstacks-sequential-satisficing-adl: 30/30 solved, cost 625, 60.8s solve-time, val 30/30
ipc-2008/openstacks-sequential-satisficing-strips: 30/30 solved, cost 636, 58.1s solve-time, val 30/30
ipc-2008/parc-printer-sequential-satisficing-strips: 30/30 solved, cost 42724463, 12.9s solve-time, val 30/30
ipc-2008/peg-solitaire-sequential-satisficing-strips: 30/30 solved, cost 252, 7.9s solve-time, val 30/30
ipc-2008/scanalyzer-3d-sequential-satisficing-strips: 27/30 solved, cost 1435, 119.9s solve-time, val 27/27
ipc-2008/sokoban-sequential-satisficing-strips: 23/30 solved, cost 916, 284.3s solve-time, val 23/23
ipc-2008/transport-sequential-satisficing-strips: 16/30 solved, cost 23275, 79.7s solve-time, val 16/16
ipc-2008/woodworking-sequential-satisficing-strips: 29/30 solved, cost 27585, 119.1s solve-time, val 29/29
ipc-2011/barman-sequential-satisficing: 20/20 solved, cost 6467, 103.9s solve-time, val 20/20
ipc-2011/elevator-sequential-satisficing: 12/20 solved, cost 17421, 171.0s solve-time, val 12/12
ipc-2011/floor-tile-sequential-satisficing: 8/20 solved, cost 921, 81.8s solve-time, val 8/8
ipc-2011/no-mystery-sequential-satisficing: 15/20 solved, cost 476, 64.9s solve-time, val 15/15
ipc-2011/openstacks-sequential-satisficing: 16/20 solved, cost 1197, 211.2s solve-time, val 16/16
ipc-2011/parc-printer-sequential-satisficing: 20/20 solved, cost 50182538, 22.3s solve-time, val 20/20
ipc-2011/parking-sequential-satisficing: 13/20 solved, cost 696, 320.9s solve-time, val 13/13
ipc-2011/peg-solitaire-sequential-satisficing: 20/20 solved, cost 220, 7.8s solve-time, val 20/20
ipc-2011/scanalyzer-3d-sequential-satisficing: 17/20 solved, cost 1186, 104.0s solve-time, val 17/17
ipc-2011/sokoban-sequential-satisficing: 13/20 solved, cost 627, 231.0s solve-time, val 13/13
ipc-2011/tidybot-sequential-satisficing: 15/20 solved, cost 955, 76.0s solve-time, val 15/15
ipc-2011/transport-sequential-satisficing: 0/20 solved, cost 0, 0.0s solve-time, val 0/0
ipc-2011/visit-all-sequential-satisficing: 10/20 solved, cost 7120, 157.4s solve-time, val 10/10
ipc-2011/woodworking-sequential-satisficing: 18/20 solved, cost 27455, 241.2s solve-time, val 18/18

wrote benchmarks/air-0.19.0/ipc67-results.md (raw: benchmarks/air-0.19.0/ipc67-results.jsonl) — total coverage 472/580
