calibration start 2026-09-04 17:43:53 ff=ff 0.26.0 parts=D
== D: packing calibration -- 2-wide x2 (the width the Python sweeps ran at)
  B:pack2-0  ipc-opt-2008-11      no-mystery-sequential-optimal/5        wall   19.21 cpu   19.16 rho 0.997 solved True load 2.87
  B:pack2-0  ipc67-netben         woodworking-net-benefit-optimal-numeric-fluents/29       wall   19.33 cpu   19.23 rho 0.995 solved True load 2.87
  B:pack2-0  ipc2014-sat          city-car-sequential-satisficing/5        wall   24.78 cpu   24.71 rho 0.997 solved True load 2.93
  B:pack2-0  ipc5-metric-time     pipesworld-metric-time/4        wall   12.56 cpu   12.44 rho 0.991 solved True load 2.93
  B:pack2-0  ipc5-prop            pathways-propositional-strips/22       wall   21.02 cpu   20.83 rho 0.991 solved True load 3.01
  B:pack2-0  ipc2014-sat          tetris-sequential-satisficing/10       wall   15.67 cpu   15.47 rho 0.987 solved True load 3.01
  B:pack2-0  ipc2026-numeric      rainbowttles-sat-numeric-2026/42       wall    8.04 cpu    7.98 rho 0.993 solved True load 3.17
  B:pack2-0  ipc67-results        cyber-security-sequential-satisficing-strips/17       wall   10.54 cpu   10.39 rho 0.986 solved True load 3.16
  B:pack2-0  ipc2023-opt          ricochet-robots-optimal/15       wall   14.96 cpu   14.84 rho 0.992 solved True load 3.16
  B:pack2-0  ipc5-prop            pipesworld-propositional-strips/39       wall   13.95 cpu   13.48 rho 0.966 solved True load 3.2
  B:pack2-0  ipc67-results        cyber-security-sequential-satisficing-strips/12       wall   24.86 cpu   24.42 rho 0.982 solved True load 3.34
  B:pack2-0  ipc2014-sat          hiking-sequential-satisficing/8        wall    9.60 cpu    9.50 rho 0.99 solved True load 4.08
  B:pack2-0  ipc2014-agile        openstacks-sequential-agile/6        wall   27.45 cpu   27.35 rho 0.996 solved True load 3.99
  B:pack2-0  ipc5-simple-pref     pathways-preferences-simple/13       wall   34.90 cpu   34.27 rho 0.982 solved True load 4.15
  B:pack2-0  ipc2014-sat          thoughtful-sequential-satisficing/8        wall   13.89 cpu   13.63 rho 0.981 solved True load 3.89
  B:pack2-0  ipc-opt-2008-11      parc-printer-sequential-optimal-strips/27       wall    5.82 cpu    5.77 rho 0.991 solved True load 3.82
  B:pack2-0  ipc5-prop            pathways-propositional/25       wall   24.86 cpu   24.77 rho 0.996 solved True load 3.82
  B:pack2-0  ipc-opt-2008-11      elevator-sequential-optimal/9        wall   16.16 cpu   16.08 rho 0.995 solved True load 3.68
  B:pack2-0  ipc2018-sat          settlers-sequential-satisficing/9        wall    9.70 cpu    9.62 rho 0.992 solved True load 3.53
  B:pack2-0  ipc-opt-2008-11      parc-printer-sequential-optimal/14       wall    5.87 cpu    5.78 rho 0.985 solved True load 3.48
  B:pack2-0  ipc67-temporal       elevator-temporal-satisficing/3        wall    8.77 cpu    8.12 rho 0.926 solved True load 3.53
  B:pack2-0  ipc5-prop            pipesworld-propositional-strips/25       wall   12.01 cpu   11.84 rho 0.985 solved True load 3.53
  B:pack2-0  ipc2014-opt          tidybot-sequential-optimal/14       wall   18.23 cpu   18.19 rho 0.998 solved True load 3.76
  B:pack2-0  ipc5-prop            tpp-propositional-strips/26       wall   13.06 cpu   12.99 rho 0.995 solved True load 4.1
  B:pack2-0  ipc2014-agile        visit-all-sequential-agile/15       wall    7.89 cpu    7.85 rho 0.995 solved True load 3.77
  B:pack2-0  ipc2014-sat          hiking-sequential-satisficing/18       wall   20.85 cpu   20.76 rho 0.995 solved True load 3.63
  B:pack2-0  ipc2026-numeric      line-exchange-snp-numeric-2026/3_15_25_100 wall   19.52 cpu   19.42 rho 0.995 solved True load 3.5
  B:pack2-0  ipc2014-sat          hiking-sequential-satisficing/16       wall   29.32 cpu   29.13 rho 0.994 solved True load 3.47
  B:pack2-0  ipc2026-numeric      factory-robot-numeric-2026/7        wall   25.60 cpu   25.44 rho 0.994 solved True load 3.59
  B:pack2-0  ipc67-netben         elevator-net-benefit-optimal-strips/29       wall   10.25 cpu   10.18 rho 0.992 solved True load 3.42
  B:pack2-0  ipc5-constraints     storage-time-constraints/16       wall   13.96 cpu   13.90 rho 0.996 solved True load 3.42
  B:pack2-0  ipc5-prop            rovers-propositional-strips/31       wall   15.57 cpu   15.43 rho 0.991 solved True load 3.28
  B:pack2-0  ipc5-metric-time     tpp-metric-time/6        wall   11.50 cpu   11.38 rho 0.989 solved True load 3.74
  B:pack2-0  ipc5-constraints     storage-time-constraints/7        wall    7.79 cpu    7.72 rho 0.991 solved True load 3.77
  B:pack2-0  ipc-opt-2008-11      openstacks-sequential-optimal-adl/14       wall    9.48 cpu    9.45 rho 0.996 solved True load 3.77
  B:pack2-0  ipc67-results        cyber-security-sequential-satisficing-strips/22       wall    7.63 cpu    7.59 rho 0.994 solved True load 3.63
  B:pack2-0  ipc67-results        barman-sequential-satisficing/11       wall    8.46 cpu    8.39 rho 0.992 solved True load 3.5
  B:pack2-0  ipc2018-sat          data-network-sequential-satisficing/13       wall   12.48 cpu   12.44 rho 0.997 solved True load 3.62
  B:pack2-0  ipc2014-opt          hiking-sequential-optimal/12       wall   37.06 cpu   36.98 rho 0.998 solved True load 3.62
  B:pack2-0  ipc67-netben         openstacks-net-benefit-optimal-strips-negative-preconditions/30       wall   24.26 cpu   24.21 rho 0.998 solved True load 3.45
  B:pack2-1  ipc-opt-2008-11      no-mystery-sequential-optimal/5        wall   19.49 cpu   19.43 rho 0.997 solved True load 3.18
  B:pack2-1  ipc67-netben         woodworking-net-benefit-optimal-numeric-fluents/29       wall   19.88 cpu   19.82 rho 0.997 solved True load 3.18
  B:pack2-1  ipc2014-sat          city-car-sequential-satisficing/5        wall   26.56 cpu   26.33 rho 0.991 solved True load 5.36
  B:pack2-1  ipc5-metric-time     pipesworld-metric-time/4        wall   12.98 cpu   12.89 rho 0.993 solved True load 5.36
  B:pack2-1  ipc5-prop            pathways-propositional-strips/22       wall   24.27 cpu   23.79 rho 0.98 solved True load 4.92
  B:pack2-1  ipc2014-sat          tetris-sequential-satisficing/10       wall   17.74 cpu   17.41 rho 0.982 solved True load 4.42
  B:pack2-1  ipc2026-numeric      rainbowttles-sat-numeric-2026/42       wall    8.11 cpu    8.06 rho 0.994 solved True load 4.42
  B:pack2-1  ipc67-results        cyber-security-sequential-satisficing-strips/17       wall   10.37 cpu   10.30 rho 0.994 solved True load 4.36
  B:pack2-1  ipc2023-opt          ricochet-robots-optimal/15       wall   14.65 cpu   14.63 rho 0.999 solved True load 4.36
  B:pack2-1  ipc5-prop            pipesworld-propositional-strips/39       wall   12.03 cpu   11.99 rho 0.997 solved True load 4.08
  B:pack2-1  ipc67-results        cyber-security-sequential-satisficing-strips/12       wall   23.90 cpu   23.86 rho 0.998 solved True load 4.07
  B:pack2-1  ipc2014-sat          hiking-sequential-satisficing/8        wall    9.50 cpu    9.47 rho 0.996 solved True load 3.9
  B:pack2-1  ipc2014-agile        openstacks-sequential-agile/6        wall   26.44 cpu   26.36 rho 0.997 solved True load 3.68
  B:pack2-1  ipc5-simple-pref     pathways-preferences-simple/13       wall   32.93 cpu   32.33 rho 0.982 solved True load 3.42
  B:pack2-1  ipc2014-sat          thoughtful-sequential-satisficing/8        wall   13.47 cpu   13.26 rho 0.985 solved True load 3.32
  B:pack2-1  ipc-opt-2008-11      parc-printer-sequential-optimal-strips/27       wall    5.83 cpu    5.74 rho 0.984 solved True load 3.54
  B:pack2-1  ipc5-prop            pathways-propositional/25       wall   26.02 cpu   25.89 rho 0.995 solved True load 3.54
  B:pack2-1  ipc-opt-2008-11      elevator-sequential-optimal/9        wall   16.18 cpu   16.06 rho 0.993 solved True load 4.22
  B:pack2-1  ipc2018-sat          settlers-sequential-satisficing/9        wall    9.22 cpu    9.19 rho 0.996 solved True load 4.22
  B:pack2-1  ipc-opt-2008-11      parc-printer-sequential-optimal/14       wall    5.83 cpu    5.81 rho 0.997 solved True load 4.21
  B:pack2-1  ipc67-temporal       elevator-temporal-satisficing/3        wall    8.45 cpu    7.90 rho 0.934 solved True load 4.11
  B:pack2-1  ipc5-prop            pipesworld-propositional-strips/25       wall   12.13 cpu   12.01 rho 0.99 solved True load 3.94
  B:pack2-1  ipc2014-opt          tidybot-sequential-optimal/14       wall   18.74 cpu   18.67 rho 0.996 solved True load 3.78
  B:pack2-1  ipc5-prop            tpp-propositional-strips/26       wall   13.22 cpu   13.18 rho 0.997 solved True load 3.64
  B:pack2-1  ipc2014-agile        visit-all-sequential-agile/15       wall    8.04 cpu    7.99 rho 0.993 solved True load 3.81
  B:pack2-1  ipc2014-sat          hiking-sequential-satisficing/18       wall   20.50 cpu   20.42 rho 0.996 solved True load 3.81
  B:pack2-1  ipc2026-numeric      line-exchange-snp-numeric-2026/3_15_25_100 wall   18.84 cpu   18.76 rho 0.996 solved True load 4.07
  B:pack2-1  ipc2014-sat          hiking-sequential-satisficing/16       wall   29.42 cpu   29.31 rho 0.996 solved True load 3.68
  B:pack2-1  ipc2026-numeric      factory-robot-numeric-2026/7        wall   25.67 cpu   25.55 rho 0.995 solved True load 3.86
  B:pack2-1  ipc67-netben         elevator-net-benefit-optimal-strips/29       wall   10.40 cpu   10.36 rho 0.995 solved True load 3.62
  B:pack2-1  ipc5-constraints     storage-time-constraints/16       wall   14.00 cpu   13.96 rho 0.997 solved True load 3.62
  B:pack2-1  ipc5-prop            rovers-propositional-strips/31       wall   15.35 cpu   15.20 rho 0.991 solved True load 3.52
  B:pack2-1  ipc5-metric-time     tpp-metric-time/6        wall   11.30 cpu   11.17 rho 0.988 solved True load 3.72
  B:pack2-1  ipc5-constraints     storage-time-constraints/7        wall    7.15 cpu    7.12 rho 0.996 solved True load 3.68
  B:pack2-1  ipc-opt-2008-11      openstacks-sequential-optimal-adl/14       wall    9.16 cpu    9.13 rho 0.997 solved True load 3.68
  B:pack2-1  ipc67-results        cyber-security-sequential-satisficing-strips/22       wall    7.08 cpu    7.06 rho 0.997 solved True load 3.63
  B:pack2-1  ipc67-results        barman-sequential-satisficing/11       wall    7.64 cpu    7.59 rho 0.993 solved True load 3.5
  B:pack2-1  ipc2018-sat          data-network-sequential-satisficing/13       wall   11.83 cpu   11.77 rho 0.995 solved True load 3.62
  B:pack2-1  ipc2014-opt          hiking-sequential-optimal/12       wall   36.38 cpu   36.32 rho 0.998 solved True load 3.62
  B:pack2-1  ipc67-netben         openstacks-net-benefit-optimal-strips-negative-preconditions/30       wall   23.90 cpu   23.83 rho 0.997 solved True load 3.44
CALIBRATION DONE 2026-09-04 17:54:43
