calibration start 2026-09-04 16:00:41 ff=ff 0.26.0 parts=ABC
== A: rho on 60 clean-window instances, solo
  A:1-10s    ipc67-netben         woodworking-net-benefit-optimal-numeric-fluents/11       wall    5.28 cpu    5.26 rho 0.995 solved True load 2.87
  A:1-10s    ipc2023-numeric      sailing-numeric-satisficing/9        wall    3.39 cpu    3.35 rho 0.987 solved True load 3.12
  A:1-10s    ipc2014-tempo        match-cellar-temporal-satisficing/11       wall    9.65 cpu    9.61 rho 0.995 solved True load 3.27
  A:1-10s    ipc2014-sat          barman-sequential-satisficing/14       wall    3.19 cpu    3.13 rho 0.984 solved True load 2.92
  A:1-10s    ipc2014-agile        child-snack-sequential-agile/1        wall    7.43 cpu    7.36 rho 0.989 solved True load 2.92
  A:1-10s    ipc2014-sat          visit-all-sequential-satisficing/9        wall    4.35 cpu    4.34 rho 0.997 solved True load 2.78
  A:1-10s    ipc5-simple-pref     pathways-preferences-simple/5        wall    7.28 cpu    7.25 rho 0.995 solved True load 2.64
  A:1-10s    ipc2026-opt-full     gear-car-numeric-2026/6        wall    7.75 cpu    7.27 rho 0.938 solved True load 2.5
  A:1-10s    ipc2023-agile-300s   quantum-layout-agile/19       wall    1.64 cpu    1.59 rho 0.971 solved True load 2.88
  A:1-10s    ipc5-simple-pref     openstacks-preferences-simple/6        wall    4.06 cpu    4.04 rho 0.996 solved True load 2.88
  A:1-10s    ipc2023-numeric      counters-numeric-satisficing/10       wall    2.78 cpu    2.75 rho 0.988 solved True load 2.81
  A:1-10s    ipc2026-numeric      forestfire-numeric-2026/20       wall    5.03 cpu    5.02 rho 0.998 solved True load 2.81
  A:1-10s    ipc2023-numeric      settlersnumeric-numeric-satisficing/2        wall    2.28 cpu    2.24 rho 0.981 solved True load 2.83
  A:1-10s    ipc67-results        sokoban-sequential-satisficing-strips/8        wall    1.17 cpu    1.13 rho 0.969 solved True load 2.84
  A:1-10s    ipc67-results        cyber-security-sequential-satisficing-strips/26       wall    0.86 cpu    0.83 rho 0.967 solved True load 2.84
  A:1-10s    ipc2018-sat          organic-synthesis-sequential-satisficing/15       wall   62.91 cpu   60.69 rho 0.965 solved False load 2.84
  A:1-10s    ipc2014-agile        child-snack-sequential-agile/2        wall    7.86 cpu    7.79 rho 0.992 solved True load 2.45
  A:1-10s    ipc67-results        elevator-sequential-satisficing-strips/19       wall    2.58 cpu    2.56 rho 0.992 solved True load 2.34
  A:1-10s    ipc2023-sat          quantum-layout-satisficing/6        wall    1.86 cpu    1.83 rho 0.984 solved True load 2.39
  A:1-10s    ipc67-netben         peg-solitaire-net-benefit-optimal-strips/30       wall    2.80 cpu    2.75 rho 0.98 solved True load 2.39
  A:10-50s   ipc67-netben         woodworking-net-benefit-optimal-numeric-fluents/14       wall   15.67 cpu   15.58 rho 0.994 solved True load 2.36
  A:10-50s   ipc2014-opt          floor-tile-sequential-optimal/14       wall   17.93 cpu   17.88 rho 0.997 solved True load 2.06
  A:10-50s   ipc2014-agile        child-snack-sequential-agile/17       wall   62.23 cpu   61.63 rho 0.99 solved False load 1.97
  A:10-50s   ipc2026-numeric      settlers-snp-numeric-2026/4        wall   21.19 cpu   21.16 rho 0.998 solved True load 2.39
  A:10-50s   ipc2014-sat          child-snack-sequential-satisficing/8        wall   61.09 cpu   60.85 rho 0.996 solved False load 3.65
  A:10-50s   ipc2023-numeric-opt  hydropower-numeric-satisficing/17       wall   49.51 cpu   48.63 rho 0.982 solved False load 4.19
  A:10-50s   ipc5-prop            pathways-propositional/23       wall   14.10 cpu   14.02 rho 0.995 solved True load 3.04
  A:10-50s   ipc2014-agile        hiking-sequential-agile/10       wall   16.94 cpu   16.86 rho 0.995 solved True load 2.86
  A:10-50s   ipc2023-agile-300s   rubiks-cube-agile/5        wall   31.60 cpu   31.53 rho 0.998 solved True load 2.67
  A:10-50s   ipc2023-numeric      mprime-numeric-satisficing/14       wall   10.14 cpu   10.09 rho 0.995 solved True load 2.07
  A:10-50s   ipc2023-agile        slitherlink-agile/3        wall   42.26 cpu   42.12 rho 0.997 solved True load 1.98
  A:10-50s   ipc2026-numeric      line-exchange-snp-numeric-2026/4_5_25_50 wall   26.40 cpu   26.08 rho 0.988 solved True load 2.08
  A:10-50s   ipc2026-opt-full     forestfire-numeric-2026/14       wall   33.72 cpu   32.88 rho 0.975 solved True load 1.9
  A:10-50s   ipc5-constraints     trucks-time-constraints-timed-initial-literals/6        wall   43.00 cpu   42.91 rho 0.998 solved False load 2.02
  A:10-50s   ipc2014-agile        child-snack-sequential-agile/16       wall   62.21 cpu   61.28 rho 0.985 solved False load 2.78
  A:10-50s   ipc2014-sat          cave-diving-sequential-satisficing/20       wall   34.14 cpu   33.95 rho 0.994 solved True load 2.83
  A:10-50s   ipc67-temporal       parking-temporal-satisficing/19       wall   40.70 cpu   40.54 rho 0.996 solved True load 2.76
  A:10-50s   ipc2026-opt-full     line-exchange-snp-numeric-2026/3_5_50_50 wall   20.42 cpu   20.28 rho 0.993 solved True load 3.42
  A:10-50s   ipc67-netben         woodworking-net-benefit-optimal-numeric-fluents/20       wall   32.68 cpu   31.60 rho 0.967 solved True load 3.07
  A:10-50s   ipc-opt-2008-11      sokoban-sequential-optimal/19       wall   13.89 cpu   13.84 rho 0.996 solved True load 2.86
  A:ge50s    ipc2018-opt          settlers-sequential-optimal/7        wall   59.22 cpu   59.09 rho 0.998 solved False load 2.81
  A:ge50s    ipc2018-sat          caldera-sequential-satisficing/18       wall   61.64 cpu   61.09 rho 0.991 solved False load 3.03
  A:ge50s    ipc2018-opt          agricola-sequential-optimal/9        wall   60.00 cpu   59.92 rho 0.999 solved False load 2.74
  A:ge50s    ipc2014-tempo        floor-tile-temporal-satisficing/17       wall   60.04 cpu   59.97 rho 0.999 solved False load 1.88
  A:ge50s    ipc2018-opt          agricola-sequential-optimal/11       wall   59.94 cpu   59.89 rho 0.999 solved False load 1.62
  A:ge50s    ipc-opt-2008-11      sokoban-sequential-optimal-strips/28       wall   57.49 cpu   57.38 rho 0.998 solved False load 2.16
  A:ge50s    ipc67-results        floor-tile-sequential-satisficing/7        wall   57.11 cpu   56.90 rho 0.996 solved False load 2.3
  A:ge50s    ipc5-metric-time     pathways-metric-time/11       wall   60.05 cpu   59.65 rho 0.993 solved False load 2.19
  A:ge50s    ipc5-time            trucks-time/29       wall   60.06 cpu   59.97 rho 0.999 solved False load 2.27
  A:ge50s    ipc5-time            trucks-time-strips/22       wall   60.08 cpu   60.00 rho 0.999 solved False load 2.25
  A:ge50s    ipc2014-opt          cave-diving-sequential-optimal/5        wall   58.62 cpu   58.30 rho 0.994 solved False load 2.28
  A:ge50s    ipc67-netben         crew-planning-net-benefit-optimal-numeric-fluents/12       wall   60.01 cpu   59.96 rho 0.999 solved True load 1.81
  A:ge50s    ipc2018-sat          organic-synthesis-split-sequential-satisficing/19       wall   62.07 cpu   61.29 rho 0.987 solved False load 2.35
  A:ge50s    ipc2014-tempo        map-analyzer-temporal-satisficing/19       wall   60.02 cpu   59.97 rho 0.999 solved False load 2.16
  A:ge50s    ipc2014-opt          barman-sequential-optimal/14       wall   58.09 cpu   57.98 rho 0.998 solved False load 1.9
  A:ge50s    ipc5-prop            trucks-propositional-strips/28       wall   56.11 cpu   55.16 rho 0.983 solved False load 1.81
  A:ge50s    ipc-opt-2008-11      transport-sequential-optimal-strips/9        wall   59.15 cpu   59.05 rho 0.998 solved False load 3.33
  A:ge50s    ipc2018-sat          organic-synthesis-sequential-satisficing/3        wall   62.54 cpu   60.82 rho 0.973 solved False load 2.77
  A:ge50s    ipc5-metric-time     pipesworld-metric-time/16       wall   60.59 cpu   60.51 rho 0.999 solved False load 2.94
  A:ge50s    ipc2018-opt          spider-sequential-optimal/10       wall   59.66 cpu   59.61 rho 0.999 solved False load 2.82
== B: packing calibration -- solo x3
  B:solo0    ipc-opt-2008-11      no-mystery-sequential-optimal/5        wall   17.13 cpu   17.08 rho 0.997 solved True load 1.93
  B:solo0    ipc67-netben         woodworking-net-benefit-optimal-numeric-fluents/29       wall   16.38 cpu   16.36 rho 0.999 solved True load 1.72
  B:solo0    ipc2014-sat          city-car-sequential-satisficing/5        wall   21.52 cpu   21.50 rho 0.999 solved True load 1.63
  B:solo0    ipc5-metric-time     pipesworld-metric-time/4        wall   10.28 cpu   10.23 rho 0.995 solved True load 1.9
  B:solo0    ipc5-prop            pathways-propositional-strips/22       wall   16.91 cpu   16.89 rho 0.999 solved True load 1.91
  B:solo0    ipc2014-sat          tetris-sequential-satisficing/10       wall   12.83 cpu   12.80 rho 0.998 solved True load 1.95
  B:solo0    ipc2026-numeric      rainbowttles-sat-numeric-2026/42       wall    7.68 cpu    7.65 rho 0.997 solved True load 2.25
  B:solo0    ipc67-results        cyber-security-sequential-satisficing-strips/17       wall    8.58 cpu    8.55 rho 0.997 solved True load 2.23
  B:solo0    ipc2023-opt          ricochet-robots-optimal/15       wall   11.81 cpu   11.77 rho 0.996 solved True load 2.04
  B:solo0    ipc5-prop            pipesworld-propositional-strips/39       wall   10.86 cpu   10.79 rho 0.994 solved True load 1.95
  B:solo0    ipc67-results        cyber-security-sequential-satisficing-strips/12       wall   20.43 cpu   20.39 rho 0.998 solved True load 2.03
  B:solo0    ipc2014-sat          hiking-sequential-satisficing/8        wall    8.94 cpu    8.91 rho 0.997 solved True load 2.02
  B:solo0    ipc2014-agile        openstacks-sequential-agile/6        wall   22.37 cpu   22.32 rho 0.998 solved True load 2.09
  B:solo0    ipc5-simple-pref     pathways-preferences-simple/13       wall   26.02 cpu   25.98 rho 0.998 solved True load 2.25
  B:solo0    ipc2014-sat          thoughtful-sequential-satisficing/8        wall   11.78 cpu   11.76 rho 0.998 solved True load 1.82
  B:solo0    ipc-opt-2008-11      parc-printer-sequential-optimal-strips/27       wall    5.74 cpu    5.73 rho 0.998 solved True load 2.0
  B:solo0    ipc5-prop            pathways-propositional/25       wall   20.27 cpu   20.22 rho 0.997 solved True load 2.24
  B:solo0    ipc-opt-2008-11      elevator-sequential-optimal/9        wall   13.94 cpu   13.89 rho 0.996 solved True load 2.17
  B:solo0    ipc2018-sat          settlers-sequential-satisficing/9        wall    7.55 cpu    7.51 rho 0.995 solved True load 2.15
  B:solo0    ipc-opt-2008-11      parc-printer-sequential-optimal/14       wall    5.79 cpu    5.77 rho 0.997 solved True load 2.14
  B:solo0    ipc67-temporal       elevator-temporal-satisficing/3        wall    5.48 cpu    5.45 rho 0.995 solved True load 2.12
  B:solo0    ipc5-prop            pipesworld-propositional-strips/25       wall   10.65 cpu   10.63 rho 0.999 solved True load 2.19
  B:solo0    ipc2014-opt          tidybot-sequential-optimal/14       wall   23.84 cpu   23.77 rho 0.997 solved True load 2.01
  B:solo0    ipc5-prop            tpp-propositional-strips/26       wall   10.19 cpu   10.15 rho 0.995 solved True load 2.32
  B:solo0    ipc2014-agile        visit-all-sequential-agile/15       wall    6.50 cpu    6.47 rho 0.995 solved True load 2.2
  B:solo0    ipc2014-sat          hiking-sequential-satisficing/18       wall   18.76 cpu   18.62 rho 0.993 solved True load 2.5
  B:solo0    ipc2026-numeric      line-exchange-snp-numeric-2026/3_15_25_100 wall   19.12 cpu   18.89 rho 0.988 solved True load 2.34
  B:solo0    ipc2014-sat          hiking-sequential-satisficing/16       wall   37.01 cpu   36.84 rho 0.995 solved True load 2.96
  B:solo0    ipc2026-numeric      factory-robot-numeric-2026/7        wall   59.71 cpu   59.40 rho 0.995 solved False load 3.82
  B:solo0    ipc67-netben         elevator-net-benefit-optimal-strips/29       wall    8.68 cpu    8.64 rho 0.996 solved True load 4.11
  B:solo0    ipc5-constraints     storage-time-constraints/16       wall   11.68 cpu   11.64 rho 0.997 solved True load 3.71
  B:solo0    ipc5-prop            rovers-propositional-strips/31       wall   14.25 cpu   14.21 rho 0.997 solved True load 3.45
  B:solo0    ipc5-metric-time     tpp-metric-time/6        wall   10.00 cpu    9.96 rho 0.997 solved True load 3.2
  B:solo0    ipc5-constraints     storage-time-constraints/7        wall    6.04 cpu    6.03 rho 0.998 solved True load 2.94
  B:solo0    ipc-opt-2008-11      openstacks-sequential-optimal-adl/14       wall    7.59 cpu    7.56 rho 0.997 solved True load 2.95
  B:solo0    ipc67-results        cyber-security-sequential-satisficing-strips/22       wall    5.82 cpu    5.79 rho 0.994 solved True load 2.88
  B:solo0    ipc67-results        barman-sequential-satisficing/11       wall    6.23 cpu    6.19 rho 0.993 solved True load 2.72
  B:solo0    ipc2018-sat          data-network-sequential-satisficing/13       wall   11.04 cpu   10.98 rho 0.995 solved True load 2.59
  B:solo0    ipc2014-opt          hiking-sequential-optimal/12       wall   21.71 cpu   21.66 rho 0.998 solved True load 2.65
  B:solo0    ipc67-netben         openstacks-net-benefit-optimal-strips-negative-preconditions/30       wall   20.64 cpu   20.54 rho 0.996 solved True load 2.83
  B:solo1    ipc-opt-2008-11      no-mystery-sequential-optimal/5        wall   17.09 cpu   17.07 rho 0.999 solved True load 2.88
  B:solo1    ipc67-netben         woodworking-net-benefit-optimal-numeric-fluents/29       wall   16.80 cpu   16.64 rho 0.99 solved True load 2.54
  B:solo1    ipc2014-sat          city-car-sequential-satisficing/5        wall   21.73 cpu   21.62 rho 0.995 solved True load 3.26
  B:solo1    ipc5-metric-time     pipesworld-metric-time/4        wall   10.20 cpu   10.13 rho 0.994 solved True load 2.96
  B:solo1    ipc5-prop            pathways-propositional-strips/22       wall   17.18 cpu   17.04 rho 0.991 solved True load 2.89
  B:solo1    ipc2014-sat          tetris-sequential-satisficing/10       wall   12.51 cpu   12.48 rho 0.998 solved True load 2.69
  B:solo1    ipc2026-numeric      rainbowttles-sat-numeric-2026/42       wall    7.63 cpu    7.61 rho 0.997 solved True load 2.63
  B:solo1    ipc67-results        cyber-security-sequential-satisficing-strips/17       wall    8.64 cpu    8.63 rho 0.999 solved True load 2.5
  B:solo1    ipc2023-opt          ricochet-robots-optimal/15       wall   11.76 cpu   11.71 rho 0.996 solved True load 2.42
  B:solo1    ipc5-prop            pipesworld-propositional-strips/39       wall   10.87 cpu   10.80 rho 0.994 solved True load 2.51
  B:solo1    ipc67-results        cyber-security-sequential-satisficing-strips/12       wall   20.28 cpu   20.23 rho 0.997 solved True load 2.17
  B:solo1    ipc2014-sat          hiking-sequential-satisficing/8        wall    8.96 cpu    8.90 rho 0.993 solved True load 2.05
  B:solo1    ipc2014-agile        openstacks-sequential-agile/6        wall   22.31 cpu   22.23 rho 0.996 solved True load 2.05
  B:solo1    ipc5-simple-pref     pathways-preferences-simple/13       wall   27.18 cpu   26.78 rho 0.985 solved True load 2.38
  B:solo1    ipc2014-sat          thoughtful-sequential-satisficing/8        wall   11.99 cpu   11.91 rho 0.993 solved True load 2.37
  B:solo1    ipc-opt-2008-11      parc-printer-sequential-optimal-strips/27       wall    5.74 cpu    5.73 rho 0.998 solved True load 2.61
  B:solo1    ipc5-prop            pathways-propositional/25       wall   20.22 cpu   20.15 rho 0.996 solved True load 2.64
  B:solo1    ipc-opt-2008-11      elevator-sequential-optimal/9        wall   13.95 cpu   13.90 rho 0.997 solved True load 2.26
  B:solo1    ipc2018-sat          settlers-sequential-satisficing/9        wall    7.72 cpu    7.70 rho 0.997 solved True load 2.37
  B:solo1    ipc-opt-2008-11      parc-printer-sequential-optimal/14       wall    5.80 cpu    5.77 rho 0.994 solved True load 2.26
  B:solo1    ipc67-temporal       elevator-temporal-satisficing/3        wall    6.58 cpu    6.10 rho 0.926 solved True load 3.6
  B:solo1    ipc5-prop            pipesworld-propositional-strips/25       wall   10.73 cpu   10.71 rho 0.999 solved True load 3.75
  B:solo1    ipc2014-opt          tidybot-sequential-optimal/14       wall   14.09 cpu   14.04 rho 0.997 solved True load 3.57
  B:solo1    ipc5-prop            tpp-propositional-strips/26       wall   10.42 cpu   10.36 rho 0.994 solved True load 3.07
  B:solo1    ipc2014-agile        visit-all-sequential-agile/15       wall    6.42 cpu    6.37 rho 0.992 solved True load 2.98
  B:solo1    ipc2014-sat          hiking-sequential-satisficing/18       wall   17.87 cpu   17.84 rho 0.998 solved True load 2.98
  B:solo1    ipc2026-numeric      line-exchange-snp-numeric-2026/3_15_25_100 wall   14.81 cpu   14.74 rho 0.995 solved True load 2.82
  B:solo1    ipc2014-sat          hiking-sequential-satisficing/16       wall   27.66 cpu   27.63 rho 0.999 solved True load 2.57
  B:solo1    ipc2026-numeric      factory-robot-numeric-2026/7        wall   20.51 cpu   20.39 rho 0.994 solved True load 2.38
  B:solo1    ipc67-netben         elevator-net-benefit-optimal-strips/29       wall    8.29 cpu    8.27 rho 0.998 solved True load 2.28
  B:solo1    ipc5-constraints     storage-time-constraints/16       wall   11.04 cpu   11.03 rho 0.999 solved True load 2.08
  B:solo1    ipc5-prop            rovers-propositional-strips/31       wall   13.58 cpu   13.45 rho 0.99 solved True load 1.99
  B:solo1    ipc5-metric-time     tpp-metric-time/6        wall    8.84 cpu    8.79 rho 0.995 solved True load 2.5
  B:solo1    ipc5-constraints     storage-time-constraints/7        wall    6.10 cpu    6.04 rho 0.991 solved True load 2.46
  B:solo1    ipc-opt-2008-11      openstacks-sequential-optimal-adl/14       wall    7.59 cpu    7.54 rho 0.993 solved True load 2.55
  B:solo1    ipc67-results        cyber-security-sequential-satisficing-strips/22       wall    5.81 cpu    5.80 rho 0.998 solved True load 2.5
  B:solo1    ipc67-results        barman-sequential-satisficing/11       wall    6.30 cpu    6.28 rho 0.996 solved True load 2.54
  B:solo1    ipc2018-sat          data-network-sequential-satisficing/13       wall   10.80 cpu   10.78 rho 0.998 solved True load 2.7
  B:solo1    ipc2014-opt          hiking-sequential-optimal/12       wall   20.09 cpu   20.03 rho 0.997 solved True load 2.82
  B:solo1    ipc67-netben         openstacks-net-benefit-optimal-strips-negative-preconditions/30       wall   20.03 cpu   19.98 rho 0.998 solved True load 2.87
  B:solo2    ipc-opt-2008-11      no-mystery-sequential-optimal/5        wall   17.10 cpu   17.07 rho 0.998 solved True load 2.68
  B:solo2    ipc67-netben         woodworking-net-benefit-optimal-numeric-fluents/29       wall   17.16 cpu   17.00 rho 0.99 solved True load 2.69
  B:solo2    ipc2014-sat          city-car-sequential-satisficing/5        wall   21.97 cpu   21.81 rho 0.993 solved True load 3.12
  B:solo2    ipc5-metric-time     pipesworld-metric-time/4        wall   10.20 cpu   10.15 rho 0.996 solved True load 2.92
  B:solo2    ipc5-prop            pathways-propositional-strips/22       wall   17.43 cpu   17.32 rho 0.994 solved True load 2.63
  B:solo2    ipc2014-sat          tetris-sequential-satisficing/10       wall   12.55 cpu   12.48 rho 0.995 solved True load 2.61
  B:solo2    ipc2026-numeric      rainbowttles-sat-numeric-2026/42       wall    7.74 cpu    7.73 rho 0.998 solved True load 2.75
  B:solo2    ipc67-results        cyber-security-sequential-satisficing-strips/17       wall    8.68 cpu    8.65 rho 0.997 solved True load 2.56
  B:solo2    ipc2023-opt          ricochet-robots-optimal/15       wall   11.77 cpu   11.71 rho 0.995 solved True load 2.51
  B:solo2    ipc5-prop            pipesworld-propositional-strips/39       wall   10.93 cpu   10.91 rho 0.998 solved True load 2.75
  B:solo2    ipc67-results        cyber-security-sequential-satisficing-strips/12       wall   20.58 cpu   20.56 rho 0.999 solved True load 2.87
  B:solo2    ipc2014-sat          hiking-sequential-satisficing/8        wall    8.94 cpu    8.91 rho 0.997 solved True load 2.88
  B:solo2    ipc2014-agile        openstacks-sequential-agile/6        wall   21.67 cpu   21.59 rho 0.997 solved True load 2.82
  B:solo2    ipc5-simple-pref     pathways-preferences-simple/13       wall   27.85 cpu   27.37 rho 0.983 solved True load 3.02
  B:solo2    ipc2014-sat          thoughtful-sequential-satisficing/8        wall   11.79 cpu   11.77 rho 0.998 solved True load 2.84
  B:solo2    ipc-opt-2008-11      parc-printer-sequential-optimal-strips/27       wall    5.74 cpu    5.73 rho 0.997 solved True load 2.94
  B:solo2    ipc5-prop            pathways-propositional/25       wall   20.33 cpu   20.32 rho 0.999 solved True load 3.18
  B:solo2    ipc-opt-2008-11      elevator-sequential-optimal/9        wall   13.90 cpu   13.88 rho 0.999 solved True load 2.97
  B:solo2    ipc2018-sat          settlers-sequential-satisficing/9        wall    7.97 cpu    7.96 rho 0.998 solved True load 2.98
  B:solo2    ipc-opt-2008-11      parc-printer-sequential-optimal/14       wall    5.82 cpu    5.76 rho 0.99 solved True load 2.91
  B:solo2    ipc67-temporal       elevator-temporal-satisficing/3        wall    6.53 cpu    6.17 rho 0.945 solved True load 2.83
  B:solo2    ipc5-prop            pipesworld-propositional-strips/25       wall   10.89 cpu   10.84 rho 0.995 solved True load 2.93
  B:solo2    ipc2014-opt          tidybot-sequential-optimal/14       wall   15.04 cpu   14.98 rho 0.996 solved True load 2.86
  B:solo2    ipc5-prop            tpp-propositional-strips/26       wall   10.70 cpu   10.64 rho 0.995 solved True load 2.65
  B:solo2    ipc2014-agile        visit-all-sequential-agile/15       wall    6.19 cpu    6.18 rho 0.998 solved True load 2.55
  B:solo2    ipc2014-sat          hiking-sequential-satisficing/18       wall   18.24 cpu   18.20 rho 0.998 solved True load 2.46
  B:solo2    ipc2026-numeric      line-exchange-snp-numeric-2026/3_15_25_100 wall   14.90 cpu   14.85 rho 0.996 solved True load 2.94
  B:solo2    ipc2014-sat          hiking-sequential-satisficing/16       wall   27.57 cpu   27.50 rho 0.998 solved True load 2.73
  B:solo2    ipc2026-numeric      factory-robot-numeric-2026/7        wall   20.65 cpu   20.61 rho 0.998 solved True load 2.73
  B:solo2    ipc67-netben         elevator-net-benefit-optimal-strips/29       wall    8.33 cpu    8.29 rho 0.995 solved True load 2.86
  B:solo2    ipc5-constraints     storage-time-constraints/16       wall   11.17 cpu   11.11 rho 0.994 solved True load 2.71
  B:solo2    ipc5-prop            rovers-propositional-strips/31       wall   13.52 cpu   13.42 rho 0.993 solved True load 2.7
  B:solo2    ipc5-metric-time     tpp-metric-time/6        wall    8.93 cpu    8.88 rho 0.994 solved True load 2.75
  B:solo2    ipc5-constraints     storage-time-constraints/7        wall    6.06 cpu    6.04 rho 0.997 solved True load 2.63
  B:solo2    ipc-opt-2008-11      openstacks-sequential-optimal-adl/14       wall    7.50 cpu    7.49 rho 0.998 solved True load 2.66
  B:solo2    ipc67-results        cyber-security-sequential-satisficing-strips/22       wall    5.83 cpu    5.79 rho 0.994 solved True load 2.56
  B:solo2    ipc67-results        barman-sequential-satisficing/11       wall    6.34 cpu    6.27 rho 0.989 solved True load 2.43
  B:solo2    ipc2018-sat          data-network-sequential-satisficing/13       wall   10.75 cpu   10.71 rho 0.996 solved True load 2.32
  B:solo2    ipc2014-opt          hiking-sequential-optimal/12       wall   19.76 cpu   19.69 rho 0.997 solved True load 2.19
  B:solo2    ipc67-netben         openstacks-net-benefit-optimal-strips-negative-preconditions/30       wall   19.80 cpu   19.75 rho 0.998 solved True load 2.29
== B: packing calibration -- 4-wide x3
  B:pack4-0  ipc-opt-2008-11      no-mystery-sequential-optimal/5        wall   59.43 cpu   58.99 rho 0.992 solved False load 2.0
  B:pack4-0  ipc67-netben         woodworking-net-benefit-optimal-numeric-fluents/29       wall   28.33 cpu   28.01 rho 0.989 solved True load 2.0
  B:pack4-0  ipc2014-sat          city-car-sequential-satisficing/5        wall   33.48 cpu   33.08 rho 0.988 solved True load 2.0
  B:pack4-0  ipc5-metric-time     pipesworld-metric-time/4        wall   17.90 cpu   17.68 rho 0.988 solved True load 2.0
  B:pack4-0  ipc5-prop            pathways-propositional-strips/22       wall   30.09 cpu   29.60 rho 0.984 solved True load 3.2
  B:pack4-0  ipc2014-sat          tetris-sequential-satisficing/10       wall   22.52 cpu   22.27 rho 0.989 solved True load 3.71
  B:pack4-0  ipc2026-numeric      rainbowttles-sat-numeric-2026/42       wall    8.88 cpu    8.77 rho 0.988 solved True load 3.81
  B:pack4-0  ipc67-results        cyber-security-sequential-satisficing-strips/17       wall   14.23 cpu   14.12 rho 0.992 solved True load 4.0
  B:pack4-0  ipc2023-opt          ricochet-robots-optimal/15       wall   20.80 cpu   20.67 rho 0.994 solved True load 4.32
  B:pack4-0  ipc5-prop            pipesworld-propositional-strips/39       wall   14.46 cpu   14.33 rho 0.991 solved True load 4.37
  B:pack4-0  ipc67-results        cyber-security-sequential-satisficing-strips/12       wall   32.30 cpu   32.10 rho 0.994 solved True load 4.66
  B:pack4-0  ipc2014-sat          hiking-sequential-satisficing/8        wall   11.02 cpu   10.94 rho 0.992 solved True load 4.66
  B:pack4-0  ipc2014-agile        openstacks-sequential-agile/6        wall   39.08 cpu   38.83 rho 0.994 solved True load 4.85
  B:pack4-0  ipc5-simple-pref     pathways-preferences-simple/13       wall   47.30 cpu   46.68 rho 0.987 solved True load 4.94
  B:pack4-0  ipc2014-sat          thoughtful-sequential-satisficing/8        wall   17.10 cpu   16.96 rho 0.992 solved True load 4.94
  B:pack4-0  ipc-opt-2008-11      parc-printer-sequential-optimal-strips/27       wall    5.88 cpu    5.82 rho 0.989 solved True load 5.12
  B:pack4-0  ipc5-prop            pathways-propositional/25       wall   37.27 cpu   36.92 rho 0.991 solved True load 5.12
  B:pack4-0  ipc-opt-2008-11      elevator-sequential-optimal/9        wall   22.03 cpu   21.73 rho 0.986 solved True load 5.27
  B:pack4-0  ipc2018-sat          settlers-sequential-satisficing/9        wall   14.55 cpu   14.35 rho 0.986 solved True load 5.31
  B:pack4-0  ipc-opt-2008-11      parc-printer-sequential-optimal/14       wall    5.89 cpu    5.84 rho 0.992 solved True load 5.34
  B:pack4-0  ipc67-temporal       elevator-temporal-satisficing/3        wall   10.66 cpu   10.24 rho 0.96 solved True load 5.47
  B:pack4-0  ipc5-prop            pipesworld-propositional-strips/25       wall   14.35 cpu   14.19 rho 0.989 solved True load 5.47
  B:pack4-0  ipc2014-opt          tidybot-sequential-optimal/14       wall   29.72 cpu   29.52 rho 0.993 solved True load 5.83
  B:pack4-0  ipc5-prop            tpp-propositional-strips/26       wall   44.95 cpu   44.68 rho 0.994 solved True load 5.85
  B:pack4-0  ipc2014-agile        visit-all-sequential-agile/15       wall   11.31 cpu   11.24 rho 0.994 solved True load 5.85
  B:pack4-0  ipc2014-sat          hiking-sequential-satisficing/18       wall   27.04 cpu   26.89 rho 0.994 solved True load 5.94
  B:pack4-0  ipc2026-numeric      line-exchange-snp-numeric-2026/3_15_25_100 wall   27.12 cpu   26.91 rho 0.992 solved True load 5.94
  B:pack4-0  ipc2014-sat          hiking-sequential-satisficing/16       wall   39.58 cpu   39.30 rho 0.993 solved True load 5.8
  B:pack4-0  ipc2026-numeric      factory-robot-numeric-2026/7        wall   35.29 cpu   34.99 rho 0.992 solved True load 5.9
  B:pack4-0  ipc67-netben         elevator-net-benefit-optimal-strips/29       wall   14.72 cpu   14.61 rho 0.992 solved True load 5.91
  B:pack4-0  ipc5-constraints     storage-time-constraints/16       wall   20.91 cpu   20.78 rho 0.994 solved True load 5.91
  B:pack4-0  ipc5-prop            rovers-propositional-strips/31       wall   18.89 cpu   18.77 rho 0.994 solved True load 5.83
  B:pack4-0  ipc5-metric-time     tpp-metric-time/6        wall   15.44 cpu   15.31 rho 0.992 solved True load 5.63
  B:pack4-0  ipc5-constraints     storage-time-constraints/7        wall   10.72 cpu   10.61 rho 0.99 solved True load 5.5
  B:pack4-0  ipc-opt-2008-11      openstacks-sequential-optimal-adl/14       wall   13.43 cpu   13.31 rho 0.991 solved True load 5.5
  B:pack4-0  ipc67-results        cyber-security-sequential-satisficing-strips/22       wall   10.07 cpu    9.96 rho 0.989 solved True load 5.46
  B:pack4-0  ipc67-results        barman-sequential-satisficing/11       wall   11.15 cpu   11.04 rho 0.99 solved True load 5.42
  B:pack4-0  ipc2018-sat          data-network-sequential-satisficing/13       wall   13.21 cpu   13.08 rho 0.99 solved True load 5.46
  B:pack4-0  ipc2014-opt          hiking-sequential-optimal/12       wall   39.03 cpu   38.89 rho 0.996 solved True load 5.46
  B:pack4-0  ipc67-netben         openstacks-net-benefit-optimal-strips-negative-preconditions/30       wall   27.78 cpu   27.66 rho 0.996 solved True load 5.46
  B:pack4-1  ipc-opt-2008-11      no-mystery-sequential-optimal/5        wall   59.50 cpu   58.89 rho 0.99 solved False load 4.61
  B:pack4-1  ipc67-netben         woodworking-net-benefit-optimal-numeric-fluents/29       wall   28.78 cpu   28.52 rho 0.991 solved True load 4.61
  B:pack4-1  ipc2014-sat          city-car-sequential-satisficing/5        wall   33.84 cpu   33.34 rho 0.985 solved True load 4.61
  B:pack4-1  ipc5-metric-time     pipesworld-metric-time/4        wall   18.07 cpu   17.90 rho 0.991 solved True load 4.61
  B:pack4-1  ipc5-prop            pathways-propositional-strips/22       wall   30.81 cpu   30.20 rho 0.98 solved True load 4.9
  B:pack4-1  ipc2014-sat          tetris-sequential-satisficing/10       wall   23.28 cpu   22.95 rho 0.986 solved True load 4.92
  B:pack4-1  ipc2026-numeric      rainbowttles-sat-numeric-2026/42       wall    8.95 cpu    8.86 rho 0.99 solved True load 5.08
  B:pack4-1  ipc67-results        cyber-security-sequential-satisficing-strips/17       wall   14.53 cpu   14.34 rho 0.987 solved True load 5.08
  B:pack4-1  ipc2023-opt          ricochet-robots-optimal/15       wall   21.02 cpu   20.79 rho 0.989 solved True load 5.59
  B:pack4-1  ipc5-prop            pipesworld-propositional-strips/39       wall   14.74 cpu   14.58 rho 0.989 solved True load 5.59
  B:pack4-1  ipc67-results        cyber-security-sequential-satisficing-strips/12       wall   31.62 cpu   31.36 rho 0.992 solved True load 5.46
  B:pack4-1  ipc2014-sat          hiking-sequential-satisficing/8        wall   10.87 cpu   10.74 rho 0.989 solved True load 6.46
  B:pack4-1  ipc2014-agile        openstacks-sequential-agile/6        wall   37.97 cpu   37.75 rho 0.994 solved True load 6.51
  B:pack4-1  ipc5-simple-pref     pathways-preferences-simple/13       wall   46.13 cpu   45.45 rho 0.985 solved True load 6.55
  B:pack4-1  ipc2014-sat          thoughtful-sequential-satisficing/8        wall   16.53 cpu   16.39 rho 0.992 solved True load 6.55
  B:pack4-1  ipc-opt-2008-11      parc-printer-sequential-optimal-strips/27       wall    5.85 cpu    5.82 rho 0.994 solved True load 6.21
  B:pack4-1  ipc5-prop            pathways-propositional/25       wall   37.97 cpu   37.48 rho 0.987 solved True load 6.11
  B:pack4-1  ipc-opt-2008-11      elevator-sequential-optimal/9        wall   22.01 cpu   21.63 rho 0.983 solved True load 6.11
  B:pack4-1  ipc2018-sat          settlers-sequential-satisficing/9        wall   14.42 cpu   14.14 rho 0.981 solved True load 6.08
  B:pack4-1  ipc-opt-2008-11      parc-printer-sequential-optimal/14       wall    5.93 cpu    5.85 rho 0.986 solved True load 6.36
  B:pack4-1  ipc67-temporal       elevator-temporal-satisficing/3        wall   11.64 cpu   11.11 rho 0.954 solved True load 6.36
  B:pack4-1  ipc5-prop            pipesworld-propositional-strips/25       wall   14.25 cpu   14.02 rho 0.984 solved True load 6.33
  B:pack4-1  ipc2014-opt          tidybot-sequential-optimal/14       wall   29.98 cpu   29.63 rho 0.989 solved True load 6.33
  B:pack4-1  ipc5-prop            tpp-propositional-strips/26       wall   45.33 cpu   45.07 rho 0.994 solved True load 6.31
  B:pack4-1  ipc2014-agile        visit-all-sequential-agile/15       wall   11.32 cpu   11.23 rho 0.992 solved True load 6.31
  B:pack4-1  ipc2014-sat          hiking-sequential-satisficing/18       wall   27.48 cpu   27.28 rho 0.993 solved True load 6.41
  B:pack4-1  ipc2026-numeric      line-exchange-snp-numeric-2026/3_15_25_100 wall   27.40 cpu   27.14 rho 0.991 solved True load 6.38
  B:pack4-1  ipc2014-sat          hiking-sequential-satisficing/16       wall   39.71 cpu   39.47 rho 0.994 solved True load 6.09
  B:pack4-1  ipc2026-numeric      factory-robot-numeric-2026/7        wall   35.22 cpu   34.91 rho 0.991 solved True load 5.99
  B:pack4-1  ipc67-netben         elevator-net-benefit-optimal-strips/29       wall   14.93 cpu   14.81 rho 0.992 solved True load 5.99
  B:pack4-1  ipc5-constraints     storage-time-constraints/16       wall   20.37 cpu   20.19 rho 0.991 solved True load 5.91
  B:pack4-1  ipc5-prop            rovers-propositional-strips/31       wall   18.59 cpu   18.44 rho 0.992 solved True load 6.34
  B:pack4-1  ipc5-metric-time     tpp-metric-time/6        wall   15.24 cpu   15.12 rho 0.992 solved True load 6.13
  B:pack4-1  ipc5-constraints     storage-time-constraints/7        wall   10.42 cpu   10.34 rho 0.992 solved True load 6.13
  B:pack4-1  ipc-opt-2008-11      openstacks-sequential-optimal-adl/14       wall   13.05 cpu   12.94 rho 0.992 solved True load 6.04
  B:pack4-1  ipc67-results        cyber-security-sequential-satisficing-strips/22       wall   10.22 cpu   10.14 rho 0.992 solved True load 5.96
  B:pack4-1  ipc67-results        barman-sequential-satisficing/11       wall   10.75 cpu   10.70 rho 0.996 solved True load 5.96
  B:pack4-1  ipc2018-sat          data-network-sequential-satisficing/13       wall   13.12 cpu   13.03 rho 0.993 solved True load 6.12
  B:pack4-1  ipc2014-opt          hiking-sequential-optimal/12       wall   38.88 cpu   38.79 rho 0.998 solved True load 6.11
  B:pack4-1  ipc67-netben         openstacks-net-benefit-optimal-strips-negative-preconditions/30       wall   26.44 cpu   26.38 rho 0.998 solved True load 6.11
  B:pack4-2  ipc-opt-2008-11      no-mystery-sequential-optimal/5        wall   59.47 cpu   59.03 rho 0.993 solved False load 4.71
  B:pack4-2  ipc67-netben         woodworking-net-benefit-optimal-numeric-fluents/29       wall   29.47 cpu   29.12 rho 0.988 solved True load 4.71
  B:pack4-2  ipc2014-sat          city-car-sequential-satisficing/5        wall   33.26 cpu   32.93 rho 0.99 solved True load 4.71
  B:pack4-2  ipc5-metric-time     pipesworld-metric-time/4        wall   18.38 cpu   18.20 rho 0.99 solved True load 4.71
  B:pack4-2  ipc5-prop            pathways-propositional-strips/22       wall   30.06 cpu   29.66 rho 0.987 solved True load 5.0
  B:pack4-2  ipc2014-sat          tetris-sequential-satisficing/10       wall   21.84 cpu   21.66 rho 0.992 solved True load 5.0
  B:pack4-2  ipc2026-numeric      rainbowttles-sat-numeric-2026/42       wall    8.88 cpu    8.75 rho 0.985 solved True load 4.92
  B:pack4-2  ipc67-results        cyber-security-sequential-satisficing-strips/17       wall   14.27 cpu   14.16 rho 0.992 solved True load 5.08
  B:pack4-2  ipc2023-opt          ricochet-robots-optimal/15       wall   20.94 cpu   20.81 rho 0.994 solved True load 5.0
  B:pack4-2  ipc5-prop            pipesworld-propositional-strips/39       wall   14.56 cpu   14.46 rho 0.993 solved True load 5.08
  B:pack4-2  ipc67-results        cyber-security-sequential-satisficing-strips/12       wall   32.08 cpu   31.86 rho 0.993 solved True load 5.07
  B:pack4-2  ipc2014-sat          hiking-sequential-satisficing/8        wall   11.11 cpu   10.98 rho 0.989 solved True load 5.07
  B:pack4-2  ipc2014-agile        openstacks-sequential-agile/6        wall   37.70 cpu   37.47 rho 0.994 solved True load 5.07
  B:pack4-2  ipc5-simple-pref     pathways-preferences-simple/13       wall   46.94 cpu   46.23 rho 0.985 solved True load 5.07
  B:pack4-2  ipc2014-sat          thoughtful-sequential-satisficing/8        wall   16.73 cpu   16.60 rho 0.992 solved True load 5.06
  B:pack4-2  ipc-opt-2008-11      parc-printer-sequential-optimal-strips/27       wall    5.89 cpu    5.82 rho 0.987 solved True load 5.34
  B:pack4-2  ipc5-prop            pathways-propositional/25       wall   38.89 cpu   38.48 rho 0.99 solved True load 5.34
  B:pack4-2  ipc-opt-2008-11      elevator-sequential-optimal/9        wall   22.71 cpu   22.35 rho 0.984 solved True load 5.31
  B:pack4-2  ipc2018-sat          settlers-sequential-satisficing/9        wall   15.14 cpu   14.90 rho 0.985 solved True load 5.27
  B:pack4-2  ipc-opt-2008-11      parc-printer-sequential-optimal/14       wall    5.94 cpu    5.86 rho 0.986 solved True load 5.71
  B:pack4-2  ipc67-temporal       elevator-temporal-satisficing/3        wall   11.74 cpu   11.21 rho 0.955 solved True load 5.71
  B:pack4-2  ipc5-prop            pipesworld-propositional-strips/25       wall   14.95 cpu   14.73 rho 0.985 solved True load 5.71
  B:pack4-2  ipc2014-opt          tidybot-sequential-optimal/14       wall   29.88 cpu   29.53 rho 0.988 solved True load 5.81
  B:pack4-2  ipc5-prop            tpp-propositional-strips/26       wall   45.76 cpu   45.37 rho 0.991 solved True load 6.15
  B:pack4-2  ipc2014-agile        visit-all-sequential-agile/15       wall   11.85 cpu   11.73 rho 0.99 solved True load 6.15
  B:pack4-2  ipc2014-sat          hiking-sequential-satisficing/18       wall   26.91 cpu   26.76 rho 0.994 solved True load 5.98
  B:pack4-2  ipc2026-numeric      line-exchange-snp-numeric-2026/3_15_25_100 wall   26.91 cpu   26.59 rho 0.988 solved True load 5.98
  B:pack4-2  ipc2014-sat          hiking-sequential-satisficing/16       wall   39.99 cpu   39.69 rho 0.992 solved True load 6.06
  B:pack4-2  ipc2026-numeric      factory-robot-numeric-2026/7        wall   60.84 cpu   55.62 rho 0.914 solved False load 5.74
  B:pack4-2  ipc67-netben         elevator-net-benefit-optimal-strips/29       wall   15.68 cpu   15.53 rho 0.991 solved True load 6.0
  B:pack4-2  ipc5-constraints     storage-time-constraints/16       wall   21.65 cpu   21.32 rho 0.985 solved True load 6.08
  B:pack4-2  ipc5-prop            rovers-propositional-strips/31       wall   24.65 cpu   22.28 rho 0.904 solved True load 6.07
  B:pack4-2  ipc5-metric-time     tpp-metric-time/6        wall   25.22 cpu   21.30 rho 0.845 solved True load 6.06
  B:pack4-2  ipc5-constraints     storage-time-constraints/7        wall   17.24 cpu   14.39 rho 0.835 solved True load 6.06
  B:pack4-2  ipc-opt-2008-11      openstacks-sequential-optimal-adl/14       wall   20.57 cpu   17.70 rho 0.861 solved True load 7.77
  B:pack4-2  ipc67-results        cyber-security-sequential-satisficing-strips/22       wall   14.98 cpu   12.87 rho 0.859 solved True load 8.43
  B:pack4-2  ipc67-results        barman-sequential-satisficing/11       wall   13.69 cpu   12.58 rho 0.92 solved True load 8.71
  B:pack4-2  ipc2018-sat          data-network-sequential-satisficing/13       wall   13.83 cpu   13.76 rho 0.994 solved True load 9.3
  B:pack4-2  ipc2014-opt          hiking-sequential-optimal/12       wall   39.89 cpu   39.77 rho 0.997 solved True load 8.87
  B:pack4-2  ipc67-netben         openstacks-net-benefit-optimal-strips-negative-preconditions/30       wall   28.02 cpu   27.94 rho 0.997 solved True load 8.87
== C: prior timeouts -- solo
  C:solo     ipc2018-sat          agricola-sequential-satisficing/17       wall   60.59 cpu   60.52 rho 0.999 solved False load 5.97
  C:solo     ipc2026-numeric      expedition-numeric-2026/14       wall   59.88 cpu   59.80 rho 0.999 solved False load 3.32
  C:solo     ipc2026-opt-full     settlers-snp-numeric-2026/3        wall   57.17 cpu   56.90 rho 0.995 solved False load 2.54
  C:solo     ipc2014-opt          barman-sequential-optimal/7        wall   57.84 cpu   57.69 rho 0.997 solved False load 3.61
  C:solo     ipc2023-numeric      rover-numeric-satisficing/6        wall   60.04 cpu   60.00 rho 0.999 solved False load 3.2
  C:solo     ipc5-time            trucks-time/24       wall   60.07 cpu   59.97 rho 0.998 solved False load 2.53
  C:solo     ipc2023-opt          slitherlink-optimal/14       wall   59.34 cpu   59.26 rho 0.999 solved False load 2.01
  C:solo     ipc5-time            trucks-time-strips/19       wall   60.09 cpu   60.00 rho 0.999 solved False load 1.76
  C:solo     ipc2023-opt          quantum-layout-optimal/13       wall   59.10 cpu   59.03 rho 0.999 solved False load 2.52
  C:solo     ipc-opt-2008-11      parking-sequential-optimal/15       wall   59.74 cpu   59.56 rho 0.997 solved False load 2.09
  C:solo     ipc67-temporal       parc-printer-temporal-satisficing/4        wall   60.06 cpu   59.96 rho 0.998 solved False load 2.66
  C:solo     ipc67-temporal       transport-temporal-satisficing-numeric-fluents/26       wall   60.28 cpu   60.21 rho 0.999 solved False load 2.56
  C:solo     ipc2014-tempo        floor-tile-temporal-satisficing/6        wall   60.06 cpu   59.96 rho 0.998 solved False load 2.68
  C:solo     ipc2014-opt          cave-diving-sequential-optimal/13       wall   59.67 cpu   59.57 rho 0.998 solved False load 2.0
  C:solo     ipc-opt-2008-11      transport-sequential-optimal-strips/10       wall   59.19 cpu   59.11 rho 0.999 solved False load 2.09
  C:solo     ipc5-metric-time     rovers-metric-time/19       wall   60.04 cpu   59.98 rho 0.999 solved False load 1.83
  C:solo     ipc2014-tempo        satellite-temporal-satisficing/16       wall   60.06 cpu   59.98 rho 0.999 solved False load 2.18
  C:solo     ipc2014-opt          barman-sequential-optimal/12       wall   57.80 cpu   57.64 rho 0.997 solved False load 2.25
  C:solo     ipc2023-sat          recharging-robots-satisficing/2        wall   60.16 cpu   60.06 rho 0.998 solved False load 2.14
  C:solo     ipc2014-agile        parking-sequential-agile/8        wall   59.60 cpu   59.53 rho 0.999 solved False load 2.75
== C: prior timeouts -- 2-wide
  C:pack2    ipc2018-sat          agricola-sequential-satisficing/17       wall   60.82 cpu   60.67 rho 0.998 solved False load 2.39
  C:pack2    ipc2026-numeric      expedition-numeric-2026/14       wall   59.88 cpu   59.75 rho 0.998 solved False load 2.39
  C:pack2    ipc2026-opt-full     settlers-snp-numeric-2026/3        wall   57.65 cpu   57.29 rho 0.994 solved False load 2.91
  C:pack2    ipc2014-opt          barman-sequential-optimal/7        wall   58.29 cpu   57.91 rho 0.993 solved False load 3.0
  C:pack2    ipc2023-numeric      rover-numeric-satisficing/6        wall   59.98 cpu   59.79 rho 0.997 solved False load 3.63
  C:pack2    ipc5-time            trucks-time/24       wall   60.07 cpu   59.84 rho 0.996 solved False load 3.63
  C:pack2    ipc2023-opt          slitherlink-optimal/14       wall   59.48 cpu   59.37 rho 0.998 solved False load 4.1
  C:pack2    ipc5-time            trucks-time-strips/19       wall   60.07 cpu   59.98 rho 0.998 solved False load 4.1
  C:pack2    ipc2023-opt          quantum-layout-optimal/13       wall   59.30 cpu   59.10 rho 0.997 solved False load 3.82
  C:pack2    ipc-opt-2008-11      parking-sequential-optimal/15       wall   59.78 cpu   59.60 rho 0.997 solved False load 3.82
  C:pack2    ipc67-temporal       parc-printer-temporal-satisficing/4        wall   60.02 cpu   59.92 rho 0.998 solved False load 3.22
  C:pack2    ipc67-temporal       transport-temporal-satisficing-numeric-fluents/26       wall   60.36 cpu   60.23 rho 0.998 solved False load 3.22
  C:pack2    ipc2014-tempo        floor-tile-temporal-satisficing/6        wall   60.04 cpu   59.92 rho 0.998 solved False load 3.31
  C:pack2    ipc2014-opt          cave-diving-sequential-optimal/13       wall   59.73 cpu   59.61 rho 0.998 solved False load 3.31
  C:pack2    ipc-opt-2008-11      transport-sequential-optimal-strips/10       wall   59.31 cpu   59.27 rho 0.999 solved False load 3.09
  C:pack2    ipc5-metric-time     rovers-metric-time/19       wall   60.03 cpu   59.98 rho 0.999 solved False load 3.09
  C:pack2    ipc2014-tempo        satellite-temporal-satisficing/16       wall   60.08 cpu   59.94 rho 0.998 solved False load 2.88
  C:pack2    ipc2014-opt          barman-sequential-optimal/12       wall   58.09 cpu   58.00 rho 0.998 solved False load 2.89
  C:pack2    ipc2023-sat          recharging-robots-satisficing/2        wall   60.07 cpu   59.88 rho 0.997 solved False load 2.7
  C:pack2    ipc2014-agile        parking-sequential-agile/8        wall   59.68 cpu   59.47 rho 0.996 solved False load 2.73
CALIBRATION DONE 2026-09-04 17:43:45
