tag     v0.27.1 at /Users/harold/.crucible/worktrees/v0.27.1
engine  ff 0.27.1 [d812c2328305]
canary  trucks-propositional/8@d812c2328305 baseline 0.764 s (p25 of the last 100 readings is 0.650 s, against 5 runs now); read every 1200 s, slow above 1.15x
db      /Users/harold/.crucible/db/crucible.db
subset  23 listed row(s) -- 40 instance(s) of set cut27, staged at /Users/harold/ferroplan/benchmarks/probes/cut28-regress/0.27.1-d812c2328305
        no board is marked done and no pass is recorded: the rows are the record
== pass 1 -- 19 board(s) outstanding
!! width - -> 1 (full, operator active 79s ago, foreign 244%)
!! throttle full -> polite (Foreign(308.8))
!! width 1 -> 2 (polite, operator active 119s ago, foreign 174%)
   ipc2026-opt            verdicts: suspect 1
   ipc2026-opt            banked    0   1 -> 1   [DEGRADED -- not banked, work owed]
   ipc5-prop              packed: 1 wide x10 (13.0 GB budget), 0 narrow, 0 solo
!! width 2 -> 1 (polite, operator active 159s ago, foreign 249%)
   ipc5-prop              verdicts: suspect 1
   ipc5-prop              banked    0   1 -> 1   [DEGRADED -- not banked, work owed]
!! width 1 -> 2 (polite, operator active 199s ago, foreign 174%)
!! width 2 -> 1 (polite, operator active 219s ago, foreign 252%)
!! width 1 -> 2 (polite, operator active 259s ago, foreign 180%)
!! width 2 -> 3 (polite, operator active 279s ago, foreign 99%)
!! width 3 -> 2 (polite, operator active 299s ago, foreign 174%)
!! width 2 -> 8 (polite, idle 319s, foreign 199%)
!! width 8 -> 7 (polite, idle 339s, foreign 223%)
!! width 7 -> 2 (polite, idle 379s, foreign 727%)
!! width 2 -> 4 (polite, idle 399s, foreign 549%)
!! width 4 -> 6 (polite, idle 419s, foreign 345%)
   ipc2014-sat            verdicts: starved 1, suspect 3
   ipc2014-sat            banked    0   4 -> 4   [DEGRADED -- not banked, work owed]
!! width 6 -> 7 (polite, idle 499s, foreign 250%)
!! width 7 -> 8 (polite, idle 519s, foreign 166%)
!! width 8 -> 3 (polite, idle 559s, foreign 666%)
   ipc2014-agile          verdicts: solved 1, starved 1
   ipc2014-agile          banked    1   2 -> 1
!! width 3 -> 8 (polite, idle 579s, foreign 181%)
!! width 8 -> 3 (polite, idle 619s, foreign 700%)
!! width 3 -> 8 (polite, idle 639s, foreign 174%)
!! width 8 -> 6 (polite, idle 659s, foreign 399%)
